<html>
<body>
<pre>
<h1>µVision Build Log</h1>
<h2>Tool Versions:</h2>
IDE-Version: ¦ÌVision V5.43.0.0
Copyright (C) 2025 ARM Ltd and ARM Germany GmbH. All rights reserved.
License Information: 1 1, 1, LIC=03C6R-K3Q5T-TGH7T-R64HD-SJ4CN-QM6AU
 
Tool Versions:
Toolchain:       MDK-ARM Plus  Version: 5.43.0.0
Toolchain Path:  D:\software\Keil_v5\ARM\arm5_compiler\Bin
C Compiler:      Armcc.exe V5.06 update 7 (build 960)
Assembler:       Armasm.exe V5.06 update 7 (build 960)
Linker/Locator:  ArmLink.exe V5.06 update 7 (build 960)
Library Manager: ArmAr.exe V5.06 update 7 (build 960)
Hex Converter:   FromElf.exe V5.06 update 7 (build 960)
CPU DLL:         SARMCM3.DLL V5.43.0.0
Dialog DLL:      DCM.DLL V1.17.5.0
Target DLL:      STLink\ST-LINKIII-KEIL_SWO.dll V3.3.1.0
Dialog DLL:      TCM.DLL V1.56.6.0
 
<h2>Project:</h2>
d:\Code\Project_Example\Locator\MDK-ARM\Locator.uvprojx
Project File Date:  06/05/2026

<h2>Output:</h2>
*** Using Compiler 'V5.06 update 7 (build 960)', folder: 'D:\software\Keil_v5\ARM\arm5_compiler\Bin'
Build target 'Locator'
assembling startup_stm32f103xb.s...
compiling stm32f1xx_hal_msp.c...
compiling i2c.c...
compiling gpio.c...
compiling spi.c...
compiling usart.c...
compiling stm32f1xx_hal_gpio_ex.c...
compiling stm32f1xx_hal.c...
compiling stm32f1xx_hal_gpio.c...
compiling rtc.c...
compiling stm32f1xx_hal_rcc_ex.c...
compiling stm32f1xx_it.c...
compiling main.c...
..\middleware\E200\ebyte_e220x.h(181): warning:  #1-D: last line of file ends without a newline
  uint8e_t Ebyte_E220x_GetDriverVersion(void);
../Core/Src/main.c: 1 warning, 0 errors
compiling stm32f1xx_hal_dma.c...
compiling stm32f1xx_hal_rcc.c...
compiling stm32f1xx_hal_cortex.c...
compiling stm32f1xx_hal_i2c.c...
compiling com_debug.c...
compiling stm32f1xx_hal_pwr.c...
compiling stm32f1xx_hal_flash.c...
compiling stm32f1xx_hal_exti.c...
compiling stm32f1xx_hal_flash_ex.c...
compiling stm32f1xx_hal_rtc.c...
compiling system_stm32f1xx.c...
compiling int_DS3553.c...
compiling stm32f1xx_hal_rtc_ex.c...
compiling int_GPS.c...
compiling int_QS100.c...
compiling stm32f1xx_hal_spi.c...
compiling int_LoRa.c...
..\middleware\E200\ebyte_e220x.h(181): warning:  #1-D: last line of file ends without a newline
  uint8e_t Ebyte_E220x_GetDriverVersion(void);
..\interface\int_LoRa.c(21): warning:  #1-D: last line of file ends without a newline
  }
..\interface\int_LoRa.c: 2 warnings, 0 errors
compiling stm32f1xx_hal_uart.c...
compiling ebyte_callback.c...
..\middleware\E200\ebyte_callback.c(52): warning:  #223-D: function "printf" declared implicitly
          debug_printfln("TransmitCallback: sendData Success ");
..\middleware\E200\ebyte_callback.c(58): warning:  #223-D: function "printf" declared implicitly
          debug_printfln("Ebyte_Port_TransmitCallback: IRQ_RX_TX_TIMEOUT");
..\middleware\E200\ebyte_callback.c(63): warning:  #223-D: function "printf" declared implicitly
          debug_printfln("Ebyte_Port_TransmitCallback: Error");
..\middleware\E200\ebyte_callback.c(96): warning:  #223-D: function "printf" declared implicitly
          debug_printfln("ReceiveCallback: receiveData Success");
..\middleware\E200\ebyte_callback.c(102): warning:  #223-D: function "printf" declared implicitly
          debug_printfln("Ebyte_Port_ReceiveCallback: IRQ_RX_TX_TIMEOUT");
..\middleware\E200\ebyte_callback.c(109): warning:  #223-D: function "printf" declared implicitly
          debug_printfln("Ebyte_Port_ReceiveCallback:  Error");
..\middleware\E200\ebyte_callback.c(90): warning:  #177-D: variable "j"  was declared but never referenced
      uint8_t j, pcEchoLength;
..\middleware\E200\ebyte_callback.c(90): warning:  #177-D: variable "pcEchoLength"  was declared but never referenced
      uint8_t j, pcEchoLength;
..\middleware\E200\ebyte_callback.c(91): warning:  #177-D: variable "p"  was declared but never referenced
      uint8_t *p;
..\middleware\E200\ebyte_callback.c: 9 warnings, 0 errors
compiling cJSON.c...
compiling app_communication.c...
..\middleware\E200\ebyte_e220x.h(181): warning:  #1-D: last line of file ends without a newline
  uint8e_t Ebyte_E220x_GetDriverVersion(void);
..\application\app_communication.c: 1 warning, 0 errors
compiling ebyte_port.c...
compiling ebyte_core.c...
..\middleware\E200\ebyte_e220x.h(181): warning:  #1-D: last line of file ends without a newline
  uint8e_t Ebyte_E220x_GetDriverVersion(void);
..\middleware\E200\ebyte_core.c: 1 warning, 0 errors
compiling ebyte_e220x.c...
..\middleware\E200\ebyte_e220x.h(181): warning:  #1-D: last line of file ends without a newline
  uint8e_t Ebyte_E220x_GetDriverVersion(void);
..\middleware\E200\ebyte_e220x.c: 1 warning, 0 errors
linking...
Program Size: Code=27950 RO-data=718 RW-data=1108 ZI-data=6892  
FromELF: creating hex file...
"Locator\Locator.axf" - 0 Error(s), 15 Warning(s).

<h2>Software Packages used:</h2>

Package Vendor: ARM
                https://www.keil.com/pack/ARM.CMSIS.6.3.0.pack
                ARM::CMSIS@6.3.0
                CMSIS (Common Microcontroller Software Interface Standard)
   * Component: CORE Version: 6.2.0

Package Vendor: Keil
                https://www.keil.com/pack/Keil.STM32F1xx_DFP.2.4.1.pack
                Keil::STM32F1xx_DFP@2.4.1
                STMicroelectronics STM32F1 Series Device Support, Drivers and Examples

<h2>Collection of Component include folders:</h2>
  ./RTE/_Locator
  D:/software/Keil_v5/ARM/Packs/ARM/CMSIS/6.3.0/CMSIS/Core/Include
  D:/software/Keil_v5/ARM/Packs/Keil/STM32F1xx_DFP/2.4.1/Device/Include

<h2>Collection of Component Files used:</h2>

   * Component: ARM::CMSIS:CORE@6.2.0
      Include file:  CMSIS/Core/Include/tz_context.h
Build Time Elapsed:  00:00:02
</pre>
</body>
</html>
