Component: ARM Compiler 5.06 update 7 (build 960) Tool: armlink [4d3601]

==============================================================================

Section Cross References

    startup_stm32f103xb.o(RESET) refers to startup_stm32f103xb.o(STACK) for __initial_sp
    startup_stm32f103xb.o(RESET) refers to startup_stm32f103xb.o(.text) for Reset_Handler
    startup_stm32f103xb.o(RESET) refers to stm32f1xx_it.o(i.NMI_Handler) for NMI_Handler
    startup_stm32f103xb.o(RESET) refers to stm32f1xx_it.o(i.HardFault_Handler) for HardFault_Handler
    startup_stm32f103xb.o(RESET) refers to stm32f1xx_it.o(i.MemManage_Handler) for MemManage_Handler
    startup_stm32f103xb.o(RESET) refers to stm32f1xx_it.o(i.BusFault_Handler) for BusFault_Handler
    startup_stm32f103xb.o(RESET) refers to stm32f1xx_it.o(i.UsageFault_Handler) for UsageFault_Handler
    startup_stm32f103xb.o(RESET) refers to stm32f1xx_it.o(i.SVC_Handler) for SVC_Handler
    startup_stm32f103xb.o(RESET) refers to stm32f1xx_it.o(i.DebugMon_Handler) for DebugMon_Handler
    startup_stm32f103xb.o(RESET) refers to stm32f1xx_it.o(i.PendSV_Handler) for PendSV_Handler
    startup_stm32f103xb.o(RESET) refers to stm32f1xx_it.o(i.SysTick_Handler) for SysTick_Handler
    startup_stm32f103xb.o(RESET) refers to stm32f1xx_it.o(i.USART2_IRQHandler) for USART2_IRQHandler
    startup_stm32f103xb.o(RESET) refers to stm32f1xx_it.o(i.USART3_IRQHandler) for USART3_IRQHandler
    startup_stm32f103xb.o(.text) refers to system_stm32f1xx.o(i.SystemInit) for SystemInit
    startup_stm32f103xb.o(.text) refers to entry.o(.ARM.Collect$$$$00000000) for __main
    main.o(i.SystemClock_Config) refers to memseta.o(.text) for __aeabi_memclr4
    main.o(i.SystemClock_Config) refers to stm32f1xx_hal_rcc.o(i.HAL_RCC_OscConfig) for HAL_RCC_OscConfig
    main.o(i.SystemClock_Config) refers to main.o(i.Error_Handler) for Error_Handler
    main.o(i.SystemClock_Config) refers to stm32f1xx_hal_rcc.o(i.HAL_RCC_ClockConfig) for HAL_RCC_ClockConfig
    main.o(i.SystemClock_Config) refers to stm32f1xx_hal_rcc_ex.o(i.HAL_RCCEx_PeriphCLKConfig) for HAL_RCCEx_PeriphCLKConfig
    main.o(i.main) refers to stm32f1xx_hal.o(i.HAL_Init) for HAL_Init
    main.o(i.main) refers to main.o(i.SystemClock_Config) for SystemClock_Config
    main.o(i.main) refers to gpio.o(i.MX_GPIO_Init) for MX_GPIO_Init
    main.o(i.main) refers to rtc.o(i.MX_RTC_Init) for MX_RTC_Init
    main.o(i.main) refers to usart.o(i.MX_USART1_UART_Init) for MX_USART1_UART_Init
    main.o(i.main) refers to i2c.o(i.MX_I2C1_Init) for MX_I2C1_Init
    main.o(i.main) refers to usart.o(i.MX_USART2_UART_Init) for MX_USART2_UART_Init
    main.o(i.main) refers to usart.o(i.MX_USART3_UART_Init) for MX_USART3_UART_Init
    main.o(i.main) refers to spi.o(i.MX_SPI1_Init) for MX_SPI1_Init
    main.o(i.main) refers to int_ds3553.o(i.int_DS3553_Reg_Init) for int_DS3553_Reg_Init
    main.o(i.main) refers to int_lora.o(i.int_LoRa_init) for int_LoRa_init
    main.o(i.main) refers to app_communication.o(i.app_communication_init) for app_communication_init
    main.o(i.main) refers to app_communication.o(i.app_communication_send) for app_communication_send
    main.o(i.main) refers to main.o(.data) for port
    main.o(.data) refers to main.o(.conststring) for .conststring
    gpio.o(i.MX_GPIO_Init) refers to stm32f1xx_hal_gpio.o(i.HAL_GPIO_WritePin) for HAL_GPIO_WritePin
    gpio.o(i.MX_GPIO_Init) refers to stm32f1xx_hal_gpio.o(i.HAL_GPIO_Init) for HAL_GPIO_Init
    i2c.o(i.HAL_I2C_MspDeInit) refers to stm32f1xx_hal_gpio.o(i.HAL_GPIO_DeInit) for HAL_GPIO_DeInit
    i2c.o(i.HAL_I2C_MspInit) refers to stm32f1xx_hal_gpio.o(i.HAL_GPIO_Init) for HAL_GPIO_Init
    i2c.o(i.MX_I2C1_Init) refers to stm32f1xx_hal_i2c.o(i.HAL_I2C_Init) for HAL_I2C_Init
    i2c.o(i.MX_I2C1_Init) refers to main.o(i.Error_Handler) for Error_Handler
    i2c.o(i.MX_I2C1_Init) refers to i2c.o(.bss) for hi2c1
    rtc.o(i.HAL_RTC_MspInit) refers to stm32f1xx_hal_pwr.o(i.HAL_PWR_EnableBkUpAccess) for HAL_PWR_EnableBkUpAccess
    rtc.o(i.MX_RTC_Init) refers to stm32f1xx_hal_rtc.o(i.HAL_RTC_Init) for HAL_RTC_Init
    rtc.o(i.MX_RTC_Init) refers to main.o(i.Error_Handler) for Error_Handler
    rtc.o(i.MX_RTC_Init) refers to rtc.o(.bss) for hrtc
    spi.o(i.HAL_SPI_MspDeInit) refers to stm32f1xx_hal_gpio.o(i.HAL_GPIO_DeInit) for HAL_GPIO_DeInit
    spi.o(i.HAL_SPI_MspInit) refers to stm32f1xx_hal_gpio.o(i.HAL_GPIO_Init) for HAL_GPIO_Init
    spi.o(i.MX_SPI1_Init) refers to stm32f1xx_hal_spi.o(i.HAL_SPI_Init) for HAL_SPI_Init
    spi.o(i.MX_SPI1_Init) refers to main.o(i.Error_Handler) for Error_Handler
    spi.o(i.MX_SPI1_Init) refers to spi.o(.bss) for hspi1
    usart.o(i.HAL_UART_MspDeInit) refers to stm32f1xx_hal_gpio.o(i.HAL_GPIO_DeInit) for HAL_GPIO_DeInit
    usart.o(i.HAL_UART_MspDeInit) refers to stm32f1xx_hal_cortex.o(i.HAL_NVIC_DisableIRQ) for HAL_NVIC_DisableIRQ
    usart.o(i.HAL_UART_MspInit) refers to stm32f1xx_hal_gpio.o(i.HAL_GPIO_Init) for HAL_GPIO_Init
[...]
    i.MX_SPI1_Init                           0x08004774   Section        0  spi.o(i.MX_SPI1_Init)
    i.MX_USART1_UART_Init                    0x080047b8   Section        0  usart.o(i.MX_USART1_UART_Init)
    i.MX_USART2_UART_Init                    0x080047f0   Section        0  usart.o(i.MX_USART2_UART_Init)
    i.MX_USART3_UART_Init                    0x08004828   Section        0  usart.o(i.MX_USART3_UART_Init)
    i.MemManage_Handler                      0x08004860   Section        0  stm32f1xx_it.o(i.MemManage_Handler)
    i.NMEA_To_Decimal                        0x08004864   Section        0  app_communication.o(i.NMEA_To_Decimal)
    NMEA_To_Decimal                          0x08004865   Thumb Code   122  app_communication.o(i.NMEA_To_Decimal)
    i.NMI_Handler                            0x080048e8   Section        0  stm32f1xx_it.o(i.NMI_Handler)
    i.PendSV_Handler                         0x080048ec   Section        0  stm32f1xx_it.o(i.PendSV_Handler)
    i.RCC_Delay                              0x080048f0   Section        0  stm32f1xx_hal_rcc.o(i.RCC_Delay)
    RCC_Delay                                0x080048f1   Thumb Code    36  stm32f1xx_hal_rcc.o(i.RCC_Delay)
    i.RTC_EnterInitMode                      0x08004918   Section        0  stm32f1xx_hal_rtc.o(i.RTC_EnterInitMode)
    RTC_EnterInitMode                        0x08004919   Thumb Code    58  stm32f1xx_hal_rtc.o(i.RTC_EnterInitMode)
    i.RTC_ExitInitMode                       0x08004952   Section        0  stm32f1xx_hal_rtc.o(i.RTC_ExitInitMode)
    RTC_ExitInitMode                         0x08004953   Thumb Code    58  stm32f1xx_hal_rtc.o(i.RTC_ExitInitMode)
    i.SPI_EndRxTxTransaction                 0x0800498c   Section        0  stm32f1xx_hal_spi.o(i.SPI_EndRxTxTransaction)
    SPI_EndRxTxTransaction                   0x0800498d   Thumb Code    68  stm32f1xx_hal_spi.o(i.SPI_EndRxTxTransaction)
    i.SPI_WaitFlagStateUntilTimeout          0x080049d0   Section        0  stm32f1xx_hal_spi.o(i.SPI_WaitFlagStateUntilTimeout)
    SPI_WaitFlagStateUntilTimeout            0x080049d1   Thumb Code   210  stm32f1xx_hal_spi.o(i.SPI_WaitFlagStateUntilTimeout)
    i.SVC_Handler                            0x08004aa8   Section        0  stm32f1xx_it.o(i.SVC_Handler)
    i.SysTick_Handler                        0x08004aaa   Section        0  stm32f1xx_it.o(i.SysTick_Handler)
    i.SystemClock_Config                     0x08004ab2   Section        0  main.o(i.SystemClock_Config)
    i.SystemInit                             0x08004b3a   Section        0  system_stm32f1xx.o(i.SystemInit)
    i.UART_DMAAbortOnError                   0x08004b3c   Section        0  stm32f1xx_hal_uart.o(i.UART_DMAAbortOnError)
    UART_DMAAbortOnError                     0x08004b3d   Thumb Code    20  stm32f1xx_hal_uart.o(i.UART_DMAAbortOnError)
    i.UART_EndRxTransfer                     0x08004b50   Section        0  stm32f1xx_hal_uart.o(i.UART_EndRxTransfer)
    UART_EndRxTransfer                       0x08004b51   Thumb Code   108  stm32f1xx_hal_uart.o(i.UART_EndRxTransfer)
    i.UART_EndTransmit_IT                    0x08004bbc   Section        0  stm32f1xx_hal_uart.o(i.UART_EndTransmit_IT)
    UART_EndTransmit_IT                      0x08004bbd   Thumb Code    32  stm32f1xx_hal_uart.o(i.UART_EndTransmit_IT)
    i.UART_Receive_IT                        0x08004bdc   Section        0  stm32f1xx_hal_uart.o(i.UART_Receive_IT)
    UART_Receive_IT                          0x08004bdd   Thumb Code   252  stm32f1xx_hal_uart.o(i.UART_Receive_IT)
    i.UART_SetConfig                         0x08004cd8   Section        0  stm32f1xx_hal_uart.o(i.UART_SetConfig)
    UART_SetConfig                           0x08004cd9   Thumb Code   248  stm32f1xx_hal_uart.o(i.UART_SetConfig)
    i.UART_Start_Receive_IT                  0x08004dd4   Section        0  stm32f1xx_hal_uart.o(i.UART_Start_Receive_IT)
    i.UART_Transmit_IT                       0x08004e14   Section        0  stm32f1xx_hal_uart.o(i.UART_Transmit_IT)
    UART_Transmit_IT                         0x08004e15   Thumb Code    96  stm32f1xx_hal_uart.o(i.UART_Transmit_IT)
    i.UART_WaitOnFlagUntilTimeout            0x08004e74   Section        0  stm32f1xx_hal_uart.o(i.UART_WaitOnFlagUntilTimeout)
    UART_WaitOnFlagUntilTimeout              0x08004e75   Thumb Code   140  stm32f1xx_hal_uart.o(i.UART_WaitOnFlagUntilTimeout)
    i.USART2_IRQHandler                      0x08004f00   Section        0  stm32f1xx_it.o(i.USART2_IRQHandler)
    i.USART3_IRQHandler                      0x08004f10   Section        0  stm32f1xx_it.o(i.USART3_IRQHandler)
    i.UsageFault_Handler                     0x08004f20   Section        0  stm32f1xx_it.o(i.UsageFault_Handler)
    i.__0printf                              0x08004f24   Section        0  printfa.o(i.__0printf)
    i.__0sprintf                             0x08004f44   Section        0  printfa.o(i.__0sprintf)
    i.__NVIC_GetPriorityGrouping             0x08004f6c   Section        0  stm32f1xx_hal_cortex.o(i.__NVIC_GetPriorityGrouping)
    __NVIC_GetPriorityGrouping               0x08004f6d   Thumb Code    10  stm32f1xx_hal_cortex.o(i.__NVIC_GetPriorityGrouping)
    i.__NVIC_SetPriority                     0x08004f7c   Section        0  stm32f1xx_hal_cortex.o(i.__NVIC_SetPriority)
    __NVIC_SetPriority                       0x08004f7d   Thumb Code    32  stm32f1xx_hal_cortex.o(i.__NVIC_SetPriority)
    i.__free$realloc                         0x08004fa4   Section        0  mallocr.o(i.__free$realloc)
    i.__malloc$realloc                       0x08005000   Section        0  mallocr.o(i.__malloc$realloc)
    i.__scatterload_copy                     0x08005050   Section       14  handlers.o(i.__scatterload_copy)
    i.__scatterload_null                     0x0800505e   Section        2  handlers.o(i.__scatterload_null)
    i.__scatterload_zeroinit                 0x08005060   Section       14  handlers.o(i.__scatterload_zeroinit)
    i._fp_digits                             0x08005070   Section        0  printfa.o(i._fp_digits)
    _fp_digits                               0x08005071   Thumb Code   366  printfa.o(i._fp_digits)
    i._is_digit                              0x080051f4   Section        0  scanf_fp.o(i._is_digit)
    i._printf_core                           0x08005204   Section        0  printfa.o(i._printf_core)
    _printf_core                             0x08005205   Thumb Code  1704  printfa.o(i._printf_core)
    i._printf_post_padding                   0x080058b8   Section        0  printfa.o(i._printf_post_padding)
    _printf_post_padding                     0x080058b9   Thumb Code    36  printfa.o(i._printf_post_padding)
    i._printf_pre_padding                    0x080058dc   Section        0  printfa.o(i._printf_pre_padding)
    _printf_pre_padding                      0x080058dd   Thumb Code    46  printfa.o(i._printf_pre_padding)
    i._sputc                                 0x0800590a   Section        0  printfa.o(i._sputc)
    _sputc                                   0x0800590b   Thumb Code    10  printfa.o(i._sputc)
    i.add_item_to_array                      0x08005914   Section        0  cjson.o(i.add_item_to_array)
    add_item_to_array                        0x08005915   Thumb Code    54  cjson.o(i.add_item_to_array)
    i.add_item_to_object                     0x0800594a   Section        0  cjson.o(i.add_item_to_object)
    add_item_to_object                       0x0800594b   Thumb Code   122  cjson.o(i.add_item_to_object)
    i.app_communication_init                 0x080059c4   Section        0  app_communication.o(i.app_communication_init)
    i.app_communication_send                 0x080059d0   Section        0  app_communication.o(i.app_communication_send)
    i.cJSON_AddNumberToObject                0x08005bd0   Section        0  cjson.o(i.cJSON_AddNumberToObject)
    i.cJSON_AddStringToObject                0x08005c0c   Section        0  cjson.o(i.cJSON_AddStringToObject)
    i.cJSON_CreateNumber                     0x08005c40   Section        0  cjson.o(i.cJSON_CreateNumber)
    i.cJSON_CreateObject                     0x08005ca4   Section        0  cjson.o(i.cJSON_CreateObject)
    i.cJSON_CreateString                     0x08005cbc   Section        0  cjson.o(i.cJSON_CreateString)
    i.cJSON_Delete                           0x08005cf0   Section        0  cjson.o(i.cJSON_Delete)
    i.cJSON_New_Item                         0x08005d50   Section        0  cjson.o(i.cJSON_New_Item)
    cJSON_New_Item                           0x08005d51   Thumb Code    26  cjson.o(i.cJSON_New_Item)
    i.cJSON_PrintUnformatted                 0x08005d6c   Section        0  cjson.o(i.cJSON_PrintUnformatted)
    i.cJSON_strdup                           0x08005d80   Section        0  cjson.o(i.cJSON_strdup)
    cJSON_strdup                             0x08005d81   Thumb Code    56  cjson.o(i.cJSON_strdup)
    i.cast_away_const                        0x08005db8   Section        0  cjson.o(i.cast_away_const)
    cast_away_const                          0x08005db9   Thumb Code     2  cjson.o(i.cast_away_const)
    i.compare_double                         0x08005dbc   Section        0  cjson.o(i.compare_double)
    compare_double                           0x08005dbd   Thumb Code   112  cjson.o(i.compare_double)
    i.ensure                                 0x08005e30   Section        0  cjson.o(i.ensure)
    ensure                                   0x08005e31   Thumb Code   184  cjson.o(i.ensure)
    i.fputc                                  0x08005ee8   Section        0  usart.o(i.fputc)
    i.get_Step                               0x08005f04   Section        0  app_communication.o(i.get_Step)
    get_Step                                 0x08005f05   Thumb Code    12  app_communication.o(i.get_Step)
    i.get_decimal_point                      0x08005f14   Section        0  cjson.o(i.get_decimal_point)
    get_decimal_point                        0x08005f15   Thumb Code     4  cjson.o(i.get_decimal_point)
    i.int_DS3553_Reg_Init                    0x08005f18   Section        0  int_ds3553.o(i.int_DS3553_Reg_Init)
    i.int_DS3553_getStep                     0x08005f64   Section        0  int_ds3553.o(i.int_DS3553_getStep)
    i.int_GPS_Init                           0x08006004   Section        0  int_gps.o(i.int_GPS_Init)
    i.int_GPS_ReadData                       0x08006088   Section        0  int_gps.o(i.int_GPS_ReadData)
    i.int_GPS_WriteCmd                       0x080060d8   Section        0  int_gps.o(i.int_GPS_WriteCmd)
    i.int_LoRa_init                          0x080060f4   Section        0  int_lora.o(i.int_LoRa_init)
    i.int_LoRa_send_data                     0x08006108   Section        0  int_lora.o(i.int_LoRa_send_data)
    i.int_gps_Rx_Callback                    0x08006120   Section        0  int_gps.o(i.int_gps_Rx_Callback)
    i.internal_alloc                         0x0800614c   Section        0  mallocr.o(i.internal_alloc)
    internal_alloc                           0x0800614d   Thumb Code    76  mallocr.o(i.internal_alloc)
    i.main                                   0x0800619c   Section        0  main.o(i.main)
    i.parse_gps_data                         0x080061e4   Section        0  app_communication.o(i.parse_gps_data)
    parse_gps_data                           0x080061e5   Thumb Code   552  app_communication.o(i.parse_gps_data)
    i.print                                  0x080064f0   Section        0  cjson.o(i.print)
    print                                    0x080064f1   Thumb Code   188  cjson.o(i.print)
    i.print_array                            0x080065ac   Section        0  cjson.o(i.print_array)
    print_array                              0x080065ad   Thumb Code   178  cjson.o(i.print_array)
    i.print_number                           0x08006660   Section        0  cjson.o(i.print_number)
    print_number                             0x08006661   Thumb Code   304  cjson.o(i.print_number)
    i.print_object                           0x080067b4   Section        0  cjson.o(i.print_object)
    print_object                             0x080067b5   Thumb Code   372  cjson.o(i.print_object)
    i.print_string                           0x08006928   Section        0  cjson.o(i.print_string)
    print_string                             0x08006929   Thumb Code    16  cjson.o(i.print_string)
    i.print_string_ptr                       0x08006938   Section        0  cjson.o(i.print_string_ptr)
    print_string_ptr                         0x08006939   Thumb Code   360  cjson.o(i.print_string_ptr)
    i.print_value                            0x08006aac   Section        0  cjson.o(i.print_value)
    print_value                              0x08006aad   Thumb Code   236  cjson.o(i.print_value)
    i.realloc                                0x08006bb0   Section        0  mallocr.o(i.realloc)
    i.suffix_object                          0x08006c1c   Section        0  cjson.o(i.suffix_object)
    suffix_object                            0x08006c1d   Thumb Code     6  cjson.o(i.suffix_object)
    i.update_offset                          0x08006c22   Section        0  cjson.o(i.update_offset)
    update_offset                            0x08006c23   Thumb Code    36  cjson.o(i.update_offset)
    .constdata                               0x08006c46   Section       18  stm32f1xx_hal_rcc.o(.constdata)
    aPLLMULFactorTable                       0x08006c46   Data          16  stm32f1xx_hal_rcc.o(.constdata)
    aPredivFactorTable                       0x08006c56   Data           2  stm32f1xx_hal_rcc.o(.constdata)
    .constdata                               0x08006c58   Section       18  stm32f1xx_hal_rcc_ex.o(.constdata)
    aPLLMULFactorTable                       0x08006c58   Data          16  stm32f1xx_hal_rcc_ex.o(.constdata)
    aPredivFactorTable                       0x08006c68   Data           2  stm32f1xx_hal_rcc_ex.o(.constdata)
    .constdata                               0x08006c6a   Section       24  system_stm32f1xx.o(.constdata)
    .constdata                               0x08006c84   Section      200  ebyte_e220x.o(.constdata)
    Ebyte_E220x_LoraBpsTable                 0x08006c84   Data          24  ebyte_e220x.o(.constdata)
    .constdata                               0x08006d4c   Section       32  ebyte_core.o(.constdata)
    .constdata                               0x08006d6c   Section       64  ctype_c.o(.constdata)
    .conststring                             0x08006dac   Section       13  main.o(.conststring)
    .conststring                             0x08006dbc   Section       75  app_communication.o(.conststring)
    .data                                    0x20000000   Section     1034  main.o(.data)
    .data                                    0x2000040c   Section        9  stm32f1xx_hal.o(.data)
    .data                                    0x20000418   Section        4  system_stm32f1xx.o(.data)
    .data                                    0x2000041c   Section        3  int_ds3553.o(.data)
    byte1                                    0x2000041c   Data           1  int_ds3553.o(.data)
    byte2                                    0x2000041d   Data           1  int_ds3553.o(.data)
    byte3                                    0x2000041e   Data           1  int_ds3553.o(.data)
    .data                                    0x20000420   Section        2  int_gps.o(.data)
    GPS_Rx_Data_Length                       0x20000420   Data           2  int_gps.o(.data)
    .data                                    0x20000422   Section        6  int_qs100.o(.data)
    .data                                    0x20000428   Section        2  app_communication.o(.data)
    gps_size                                 0x20000428   Data           2  app_communication.o(.data)
    .data                                    0x2000042c   Section       20  cjson.o(.data)
    global_error                             0x2000042c   Data           8  cjson.o(.data)
    global_hooks                             0x20000434   Data          12  cjson.o(.data)
    .data                                    0x20000440   Section        8  ebyte_e220x.o(.data)
    OperatingMode                            0x20000440   Data           1  ebyte_e220x.o(.data)
    PacketType                               0x20000441   Data           1  ebyte_e220x.o(.data)
    FrequencyError                           0x20000444   Data           4  ebyte_e220x.o(.data)
    .data                                    0x20000448   Section        4  stdout.o(.data)
    .data                                    0x2000044c   Section        4  mvars.o(.data)
    .data                                    0x20000450   Section        4  mvars.o(.data)
    .bss                                     0x20000454   Section       84  i2c.o(.bss)
    .bss                                     0x200004a8   Section       20  rtc.o(.bss)
    .bss                                     0x200004bc   Section       88  spi.o(.bss)
    .bss                                     0x20000514   Section      216  usart.o(.bss)
    .bss                                     0x200005ec   Section     1024  int_gps.o(.bss)
    GPS_Rx_Data                              0x200005ec   Data        1024  int_gps.o(.bss)
    .bss                                     0x200009ec   Section     2048  int_qs100.o(.bss)
    .bss                                     0x200011f0   Section     1080  app_communication.o(.bss)
    updateData_Type                          0x200011f0   Data          56  app_communication.o(.bss)
    gps_data                                 0x20001228   Data        1024  app_communication.o(.bss)
    .bss                                     0x20001628   Section      275  ebyte_e220x.o(.bss)
    PacketStatus                             0x20001628   Data          20  ebyte_e220x.o(.bss)
    RecvPacketBuffer                         0x2000163c   Data         255  ebyte_e220x.o(.bss)
    HEAP                                     0x20001740   Section     1024  startup_stm32f103xb.o(HEAP)
    STACK                                    0x20001b40   Section     1024  startup_stm32f103xb.o(STACK)

    Global Symbols

    Symbol Name                              Value     Ov Type        Size  Object(Section)

    BuildAttributes$$THM_ISAv4$P$D$K$B$S$PE$A:L22UL41UL21$X:L11$S22US41US21$IEEE1$IW$USESV6$~STKCKD$USESV7$~SHL$OTIME$ROPI$IEEEJ$EBA8$MICROLIB$REQ8$PRES8$EABIv2 0x00000000   Number         0  anon$$obj.o ABSOLUTE
    __ARM_use_no_argv                        0x00000000   Number         0  main.o ABSOLUTE
    _printf_a                                0x00000000   Number         0  stubs.o ABSOLUTE
    _printf_c                                0x00000000   Number         0  stubs.o ABSOLUTE
    _printf_charcount                        0x00000000   Number         0  stubs.o ABSOLUTE
    _printf_d                                0x00000000   Number         0  stubs.o ABSOLUTE
    _printf_e                                0x00000000   Number         0  stubs.o ABSOLUTE
    _printf_f                                0x00000000   Number         0  stubs.o ABSOLUTE
    _printf_flags                            0x00000000   Number         0  stubs.o ABSOLUTE
    _printf_fp_dec                           0x00000000   Number         0  stubs.o ABSOLUTE
    _printf_fp_hex                           0x00000000   Number         0  stubs.o ABSOLUTE
    _printf_g                                0x00000000   Number         0  stubs.o ABSOLUTE
    _printf_i                                0x00000000   Number         0  stubs.o ABSOLUTE
    _printf_int_dec                          0x00000000   Number         0  stubs.o ABSOLUTE
    _printf_l                                0x00000000   Number         0  stubs.o ABSOLUTE
    _printf_lc                               0x00000000   Number         0  stubs.o ABSOLUTE
    _printf_ll                               0x00000000   Number         0  stubs.o ABSOLUTE
    _printf_lld                              0x00000000   Number         0  stubs.o ABSOLUTE
    _printf_lli                              0x00000000   Number         0  stubs.o ABSOLUTE
    _printf_llo                              0x00000000   Number         0  stubs.o ABSOLUTE
    _printf_llu                              0x00000000   Number         0  stubs.o ABSOLUTE
    _printf_llx                              0x00000000   Number         0  stubs.o ABSOLUTE
    _printf_longlong_dec                     0x00000000   Number         0  stubs.o ABSOLUTE
    _printf_longlong_hex                     0x00000000   Number         0  stubs.o ABSOLUTE
    _printf_longlong_oct                     0x00000000   Number         0  stubs.o ABSOLUTE
    _printf_ls                               0x00000000   Number         0  stubs.o ABSOLUTE
    _printf_mbtowc                           0x00000000   Number         0  stubs.o ABSOLUTE
    _printf_n                                0x00000000   Number         0  stubs.o ABSOLUTE
    _printf_o                                0x00000000   Number         0  stubs.o ABSOLUTE
    _printf_p                                0x00000000   Number         0  stubs.o ABSOLUTE
    _printf_percent                          0x00000000   Number         0  stubs.o ABSOLUTE
    _printf_pre_padding                      0x00000000   Number         0  stubs.o ABSOLUTE
    _printf_return_value                     0x00000000   Number         0  stubs.o ABSOLUTE
    _printf_s                                0x00000000   Number         0  stubs.o ABSOLUTE
    _printf_sizespec                         0x00000000   Number         0  stubs.o ABSOLUTE
    _printf_str                              0x00000000   Number         0  stubs.o ABSOLUTE
    _printf_truncate_signed                  0x00000000   Number         0  stubs.o ABSOLUTE
    _printf_truncate_unsigned                0x00000000   Number         0  stubs.o ABSOLUTE
    _printf_u                                0x00000000   Number         0  stubs.o ABSOLUTE
    _printf_wc                               0x00000000   Number         0  stubs.o ABSOLUTE
    _printf_wctomb                           0x00000000   Number         0  stubs.o ABSOLUTE
    _printf_widthprec                        0x00000000   Number         0  stubs.o ABSOLUTE
    _printf_x                                0x00000000   Number         0  stubs.o ABSOLUTE
    __arm_fini_                               - Undefined Weak Reference
    __cpp_initialize__aeabi_                  - Undefined Weak Reference
    __cxa_finalize                            - Undefined Weak Reference
    _clock_init                               - Undefined Weak Reference
    _microlib_exit                            - Undefined Weak Reference
    _scanf_longlong                           - Undefined Weak Reference
    __Vectors_Size                           0x000000ec   Number         0  startup_stm32f103xb.o ABSOLUTE
    __Vectors                                0x08000000   Data           4  startup_stm32f103xb.o(RESET)
    __Vectors_End                            0x080000ec   Data           0  startup_stm32f103xb.o(RESET)
    __main                                   0x080000ed   Thumb Code     0  entry.o(.ARM.Collect$$$$00000000)
    _main_stk                                0x080000ed   Thumb Code     0  entry2.o(.ARM.Collect$$$$00000001)
    _main_scatterload                        0x080000f1   Thumb Code     0  entry5.o(.ARM.Collect$$$$00000004)
    __main_after_scatterload                 0x080000f5   Thumb Code     0  entry5.o(.ARM.Collect$$$$00000004)
    _main_clock                              0x080000f5   Thumb Code     0  entry7b.o(.ARM.Collect$$$$00000008)
    _main_cpp_init                           0x080000f5   Thumb Code     0  entry8b.o(.ARM.Collect$$$$0000000A)
    _main_init                               0x080000f5   Thumb Code     0  entry9a.o(.ARM.Collect$$$$0000000B)
    __rt_lib_shutdown_fini                   0x080000fd   Thumb Code     0  entry12b.o(.ARM.Collect$$$$0000000E)
    __rt_final_cpp                           0x08000101   Thumb Code     0  entry10a.o(.ARM.Collect$$$$0000000F)
    __rt_final_exit                          0x08000101   Thumb Code     0  entry11a.o(.ARM.Collect$$$$00000011)
    Reset_Handler                            0x08000105   Thumb Code     8  startup_stm32f103xb.o(.text)
    ADC1_2_IRQHandler                        0x0800011f   Thumb Code     0  startup_stm32f103xb.o(.text)
    CAN1_RX1_IRQHandler                      0x0800011f   Thumb Code     0  startup_stm32f103xb.o(.text)
    CAN1_SCE_IRQHandler                      0x0800011f   Thumb Code     0  startup_stm32f103xb.o(.text)
    DMA1_Channel1_IRQHandler                 0x0800011f   Thumb Code     0  startup_stm32f103xb.o(.text)
    DMA1_Channel2_IRQHandler                 0x0800011f   Thumb Code     0  startup_stm32f103xb.o(.text)
    DMA1_Channel3_IRQHandler                 0x0800011f   Thumb Code     0  startup_stm32f103xb.o(.text)
    DMA1_Channel4_IRQHandler                 0x0800011f   Thumb Code     0  startup_stm32f103xb.o(.text)
    DMA1_Channel5_IRQHandler                 0x0800011f   Thumb Code     0  startup_stm32f103xb.o(.text)
    DMA1_Channel6_IRQHandler                 0x0800011f   Thumb Code     0  startup_stm32f103xb.o(.text)
    DMA1_Channel7_IRQHandler                 0x0800011f   Thumb Code     0  startup_stm32f103xb.o(.text)
    EXTI0_IRQHandler                         0x0800011f   Thumb Code     0  startup_stm32f103xb.o(.text)
    EXTI15_10_IRQHandler                     0x0800011f   Thumb Code     0  startup_stm32f103xb.o(.text)
    EXTI1_IRQHandler                         0x0800011f   Thumb Code     0  startup_stm32f103xb.o(.text)
    EXTI2_IRQHandler                         0x0800011f   Thumb Code     0  startup_stm32f103xb.o(.text)
    EXTI3_IRQHandler                         0x0800011f   Thumb Code     0  startup_stm32f103xb.o(.text)
    EXTI4_IRQHandler                         0x0800011f   Thumb Code     0  startup_stm32f103xb.o(.text)
    EXTI9_5_IRQHandler                       0x0800011f   Thumb Code     0  startup_stm32f103xb.o(.text)
    FLASH_IRQHandler                         0x0800011f   Thumb Code     0  startup_stm32f103xb.o(.text)
    I2C1_ER_IRQHandler                       0x0800011f   Thumb Code     0  startup_stm32f103xb.o(.text)
    I2C1_EV_IRQHandler                       0x0800011f   Thumb Code     0  startup_stm32f103xb.o(.text)
    I2C2_ER_IRQHandler                       0x0800011f   Thumb Code     0  startup_stm32f103xb.o(.text)
    I2C2_EV_IRQHandler                       0x0800011f   Thumb Code     0  startup_stm32f103xb.o(.text)
    PVD_IRQHandler                           0x0800011f   Thumb Code     0  startup_stm32f103xb.o(.text)
    RCC_IRQHandler                           0x0800011f   Thumb Code     0  startup_stm32f103xb.o(.text)
    RTC_Alarm_IRQHandler                     0x0800011f   Thumb Code     0  startup_stm32f103xb.o(.text)
    RTC_IRQHandler                           0x0800011f   Thumb Code     0  startup_stm32f103xb.o(.text)
    SPI1_IRQHandler                          0x0800011f   Thumb Code     0  startup_stm32f103xb.o(.text)
    SPI2_IRQHandler                          0x0800011f   Thumb Code     0  startup_stm32f103xb.o(.text)
    TAMPER_IRQHandler                        0x0800011f   Thumb Code     0  startup_stm32f103xb.o(.text)
    TIM1_BRK_IRQHandler                      0x0800011f   Thumb Code     0  startup_stm32f103xb.o(.text)
    TIM1_CC_IRQHandler                       0x0800011f   Thumb Code     0  startup_stm32f103xb.o(.text)
    TIM1_TRG_COM_IRQHandler                  0x0800011f   Thumb Code     0  startup_stm32f103xb.o(.text)
    TIM1_UP_IRQHandler                       0x0800011f   Thumb Code     0  startup_stm32f103xb.o(.text)
    TIM2_IRQHandler                          0x0800011f   Thumb Code     0  startup_stm32f103xb.o(.text)
    TIM3_IRQHandler                          0x0800011f   Thumb Code     0  startup_stm32f103xb.o(.text)
    TIM4_IRQHandler                          0x0800011f   Thumb Code     0  startup_stm32f103xb.o(.text)
    USART1_IRQHandler                        0x0800011f   Thumb Code     0  startup_stm32f103xb.o(.text)
    USBWakeUp_IRQHandler                     0x0800011f   Thumb Code     0  startup_stm32f103xb.o(.text)
    USB_HP_CAN1_TX_IRQHandler                0x0800011f   Thumb Code     0  startup_stm32f103xb.o(.text)
    USB_LP_CAN1_RX0_IRQHandler               0x0800011f   Thumb Code     0  startup_stm32f103xb.o(.text)
    WWDG_IRQHandler                          0x0800011f   Thumb Code     0  startup_stm32f103xb.o(.text)
    __aeabi_llsr                             0x08000129   Thumb Code    32  llushr.o(.text)
    _ll_ushift_r                             0x08000129   Thumb Code     0  llushr.o(.text)
    __aeabi_memcpy                           0x08000149   Thumb Code    36  memcpya.o(.text)
    __aeabi_memcpy4                          0x08000149   Thumb Code     0  memcpya.o(.text)
    __aeabi_memcpy8                          0x08000149   Thumb Code     0  memcpya.o(.text)
    __aeabi_memset                           0x0800016d   Thumb Code    14  memseta.o(.text)
    __aeabi_memset4                          0x0800016d   Thumb Code     0  memseta.o(.text)
    __aeabi_memset8                          0x0800016d   Thumb Code     0  memseta.o(.text)
    __aeabi_memclr                           0x0800017b   Thumb Code     4  memseta.o(.text)
    __aeabi_memclr4                          0x0800017b   Thumb Code     0  memseta.o(.text)
    __aeabi_memclr8                          0x0800017b   Thumb Code     0  memseta.o(.text)
    _memset$wrapper                          0x0800017f   Thumb Code    18  memseta.o(.text)
    strlen                                   0x08000191   Thumb Code    14  strlen.o(.text)
    strcpy                                   0x0800019f   Thumb Code    18  strcpy.o(.text)
    strrchr                                  0x080001b1   Thumb Code    22  strrchr.o(.text)
    __0sscanf                                0x080001c9   Thumb Code    48  __0sscanf.o(.text)
    _scanf_string                            0x08000201   Thumb Code   224  _scanf_str.o(.text)
    _scanf_real                              0x08000409   Thumb Code     0  scanf_fp.o(.text)
    _scanf_really_real                       0x08000409   Thumb Code   556  scanf_fp.o(.text)
    __aeabi_fdiv                             0x08000641   Thumb Code   124  fdiv.o(.text)
    __aeabi_dadd                             0x080006bd   Thumb Code   322  dadd.o(.text)
    __aeabi_dsub                             0x080007ff   Thumb Code     6  dadd.o(.text)
    __aeabi_drsub                            0x08000805   Thumb Code     6  dadd.o(.text)
    __aeabi_dmul                             0x0800080b   Thumb Code   228  dmul.o(.text)
    __aeabi_ddiv                             0x080008ef   Thumb Code   222  ddiv.o(.text)
    __aeabi_i2d                              0x080009cd   Thumb Code    34  dflti.o(.text)
    __aeabi_ui2d                             0x080009ef   Thumb Code    26  dfltui.o(.text)
    __aeabi_d2iz                             0x08000a09   Thumb Code    62  dfixi.o(.text)
    __aeabi_d2uiz                            0x08000a47   Thumb Code    50  dfixui.o(.text)
    __aeabi_f2d                              0x08000a79   Thumb Code    38  f2d.o(.text)
    __aeabi_cdcmpeq                          0x08000aa1   Thumb Code     0  cdcmple.o(.text)
    __aeabi_cdcmple                          0x08000aa1   Thumb Code    48  cdcmple.o(.text)
    __aeabi_cdrcmple                         0x08000ad1   Thumb Code    48  cdrcmple.o(.text)
    __aeabi_d2f                              0x08000b01   Thumb Code    56  d2f.o(.text)
    __aeabi_uidiv                            0x08000b39   Thumb Code     0  uidiv.o(.text)
    __aeabi_uidivmod                         0x08000b39   Thumb Code    44  uidiv.o(.text)
    __aeabi_uldivmod                         0x08000b65   Thumb Code    98  uldiv.o(.text)
    __aeabi_llsl                             0x08000bc7   Thumb Code    30  llshl.o(.text)
    _ll_shift_l                              0x08000bc7   Thumb Code     0  llshl.o(.text)
    __aeabi_lasr                             0x08000be5   Thumb Code    36  llsshr.o(.text)
    _ll_sshift_r                             0x08000be5   Thumb Code     0  llsshr.o(.text)
    __vfscanf_char                           0x08000c15   Thumb Code    20  scanf_char.o(.text)
    _sgetc                                   0x08000c31   Thumb Code    30  _sgetc.o(.text)
    _sbackspace                              0x08000c4f   Thumb Code    34  _sgetc.o(.text)
    __I$use$fp                               0x08000c71   Thumb Code     0  iusefp.o(.text)
    _float_round                             0x08000c71   Thumb Code    18  fepilogue.o(.text)
    _float_epilogue                          0x08000c83   Thumb Code    92  fepilogue.o(.text)
    _double_round                            0x08000cdf   Thumb Code    30  depilogue.o(.text)
    _double_epilogue                         0x08000cfd   Thumb Code   156  depilogue.o(.text)
    __aeabi_ul2d                             0x08000d99   Thumb Code    24  dfltul.o(.text)
    __aeabi_d2ulz                            0x08000db1   Thumb Code    48  dfixul.o(.text)
    __scatterload                            0x08000de1   Thumb Code    28  init.o(.text)
    __scatterload_rt2                        0x08000de1   Thumb Code     0  init.o(.text)
    isspace                                  0x08000e05   Thumb Code    10  isspace_c.o(.text)
    __vfscanf                                0x08000e11   Thumb Code   810  _scanf.o(.text)
    __ctype_lookup                           0x08001141   Thumb Code    34  ctype_c.o(.text)
    __decompress                             0x08001169   Thumb Code     0  __dczerorl.o(.text)
    __decompress0                            0x08001169   Thumb Code    58  __dczerorl.o(.text)
    BusFault_Handler                         0x080011a3   Thumb Code     4  stm32f1xx_it.o(i.BusFault_Handler)
    DebugMon_Handler                         0x080011a7   Thumb Code     2  stm32f1xx_it.o(i.DebugMon_Handler)
    Ebyte_E220x_Calibrate                    0x080011a9   Thumb Code    14  ebyte_e220x.o(i.Ebyte_E220x_Calibrate)
    Ebyte_E220x_CalibrateImage               0x080011b9   Thumb Code   114  ebyte_e220x.o(i.Ebyte_E220x_CalibrateImage)
    Ebyte_E220x_CheckReady                   0x08001241   Thumb Code    26  ebyte_e220x.o(i.Ebyte_E220x_CheckReady)
    Ebyte_E220x_ClearIrqStatus               0x0800125b   Thumb Code    28  ebyte_e220x.o(i.Ebyte_E220x_ClearIrqStatus)
    Ebyte_E220x_GetDriverVersion             0x08001277   Thumb Code     4  ebyte_e220x.o(i.Ebyte_E220x_GetDriverVersion)
    Ebyte_E220x_GetIrqStatus                 0x0800127b   Thumb Code    26  ebyte_e220x.o(i.Ebyte_E220x_GetIrqStatus)
    Ebyte_E220x_GetLoraPacketStatus          0x08001295   Thumb Code    78  ebyte_e220x.o(i.Ebyte_E220x_GetLoraPacketStatus)
    Ebyte_E220x_GetName                      0x080012e9   Thumb Code     4  ebyte_e220x.o(i.Ebyte_E220x_GetName)
    Ebyte_E220x_GetOperatingMode             0x080012f1   Thumb Code     6  ebyte_e220x.o(i.Ebyte_E220x_GetOperatingMode)
    Ebyte_E220x_GetPayload                   0x080012fd   Thumb Code    46  ebyte_e220x.o(i.Ebyte_E220x_GetPayload)
    Ebyte_E220x_GetRxBufferStatus            0x0800132b   Thumb Code    58  ebyte_e220x.o(i.Ebyte_E220x_GetRxBufferStatus)
    Ebyte_E220x_Init                         0x08001365   Thumb Code   126  ebyte_e220x.o(i.Ebyte_E220x_Init)
    Ebyte_E220x_IntOrPollTask                0x080013f1   Thumb Code    78  ebyte_e220x.o(i.Ebyte_E220x_IntOrPollTask)
    Ebyte_E220x_InterruptTrigger             0x08001449   Thumb Code     2  ebyte_e220x.o(i.Ebyte_E220x_InterruptTrigger)
    Ebyte_E220x_ReadBuffer                   0x0800144b   Thumb Code    72  ebyte_e220x.o(i.Ebyte_E220x_ReadBuffer)
    Ebyte_E220x_ReadCommand                  0x08001493   Thumb Code    66  ebyte_e220x.o(i.Ebyte_E220x_ReadCommand)
    Ebyte_E220x_ReadRegister                 0x080014d5   Thumb Code    20  ebyte_e220x.o(i.Ebyte_E220x_ReadRegister)
    Ebyte_E220x_ReadRegisters                0x080014e9   Thumb Code    78  ebyte_e220x.o(i.Ebyte_E220x_ReadRegisters)
    Ebyte_E220x_Reset                        0x08001537   Thumb Code    34  ebyte_e220x.o(i.Ebyte_E220x_Reset)
    Ebyte_E220x_RfIoEnterRxMode              0x08001559   Thumb Code    16  ebyte_e220x.o(i.Ebyte_E220x_RfIoEnterRxMode)
    Ebyte_E220x_RfIoEnterTxMode              0x08001569   Thumb Code    16  ebyte_e220x.o(i.Ebyte_E220x_RfIoEnterTxMode)
    Ebyte_E220x_SendPayload                  0x08001579   Thumb Code    66  ebyte_e220x.o(i.Ebyte_E220x_SendPayload)
    Ebyte_E220x_SetBufferBaseAddress         0x080015bb   Thumb Code    26  ebyte_e220x.o(i.Ebyte_E220x_SetBufferBaseAddress)
    Ebyte_E220x_SetDio2AsRfSwitchCtrl        0x080015d5   Thumb Code    14  ebyte_e220x.o(i.Ebyte_E220x_SetDio2AsRfSwitchCtrl)
    Ebyte_E220x_SetDioIrqParams              0x080015e3   Thumb Code    74  ebyte_e220x.o(i.Ebyte_E220x_SetDioIrqParams)
    Ebyte_E220x_SetLoraPacketParams          0x0800162d   Thumb Code    58  ebyte_e220x.o(i.Ebyte_E220x_SetLoraPacketParams)
    Ebyte_E220x_SetLoraSyncWord              0x08001667   Thumb Code    26  ebyte_e220x.o(i.Ebyte_E220x_SetLoraSyncWord)
    Ebyte_E220x_SetModulationLoraParams      0x08001681   Thumb Code    44  ebyte_e220x.o(i.Ebyte_E220x_SetModulationLoraParams)
    Ebyte_E220x_SetPaConfig                  0x080016ad   Thumb Code    38  ebyte_e220x.o(i.Ebyte_E220x_SetPaConfig)
    Ebyte_E220x_SetPacketType                0x080016d5   Thumb Code    22  ebyte_e220x.o(i.Ebyte_E220x_SetPacketType)
    Ebyte_E220x_SetPayload                   0x080016f1   Thumb Code    18  ebyte_e220x.o(i.Ebyte_E220x_SetPayload)
    Ebyte_E220x_SetRegulatorMode             0x08001703   Thumb Code    14  ebyte_e220x.o(i.Ebyte_E220x_SetRegulatorMode)
    Ebyte_E220x_SetRfFrequency               0x08001711   Thumb Code   112  ebyte_e220x.o(i.Ebyte_E220x_SetRfFrequency)
    Ebyte_E220x_SetRx                        0x08001785   Thumb Code    98  ebyte_e220x.o(i.Ebyte_E220x_SetRx)
    Ebyte_E220x_SetSleep                     0x080017ed   Thumb Code    32  ebyte_e220x.o(i.Ebyte_E220x_SetSleep)
    Ebyte_E220x_SetStandby                   0x08001811   Thumb Code    34  ebyte_e220x.o(i.Ebyte_E220x_SetStandby)
    Ebyte_E220x_SetTx                        0x08001839   Thumb Code    92  ebyte_e220x.o(i.Ebyte_E220x_SetTx)
    Ebyte_E220x_SetTxPaParams                0x08001899   Thumb Code    68  ebyte_e220x.o(i.Ebyte_E220x_SetTxPaParams)
    Ebyte_E220x_WaitOnBusy                   0x080018dd   Thumb Code    14  ebyte_e220x.o(i.Ebyte_E220x_WaitOnBusy)
    Ebyte_E220x_Wakeup                       0x080018eb   Thumb Code    32  ebyte_e220x.o(i.Ebyte_E220x_Wakeup)
    Ebyte_E220x_WriteBuffer                  0x0800190b   Thumb Code    64  ebyte_e220x.o(i.Ebyte_E220x_WriteBuffer)
    Ebyte_E220x_WriteCommand                 0x0800194b   Thumb Code    62  ebyte_e220x.o(i.Ebyte_E220x_WriteCommand)
    Ebyte_E220x_WriteRegister                0x08001989   Thumb Code    16  ebyte_e220x.o(i.Ebyte_E220x_WriteRegister)
    Ebyte_E220x_WriteRegisters               0x08001999   Thumb Code    70  ebyte_e220x.o(i.Ebyte_E220x_WriteRegisters)
    Ebyte_Port_BusyIoRead                    0x080019e1   Thumb Code    18  ebyte_port.o(i.Ebyte_Port_BusyIoRead)
    Ebyte_Port_DelayMs                       0x080019f9   Thumb Code    12  ebyte_port.o(i.Ebyte_Port_DelayMs)
    Ebyte_Port_ReceiveCallback               0x08001a05   Thumb Code   360  ebyte_callback.o(i.Ebyte_Port_ReceiveCallback)
    Ebyte_Port_RstIoControl                  0x08001c31   Thumb Code    32  ebyte_port.o(i.Ebyte_Port_RstIoControl)
    Ebyte_Port_RxenIoControl                 0x08001c55   Thumb Code    34  ebyte_port.o(i.Ebyte_Port_RxenIoControl)
    Ebyte_Port_SpiCsIoControl                0x08001c7d   Thumb Code    32  ebyte_port.o(i.Ebyte_Port_SpiCsIoControl)
    Ebyte_Port_SpiTransmitAndReceivce        0x08001ca1   Thumb Code    32  ebyte_port.o(i.Ebyte_Port_SpiTransmitAndReceivce)
    Ebyte_Port_TransmitCallback              0x08001cc5   Thumb Code   352  ebyte_callback.o(i.Ebyte_Port_TransmitCallback)
    Ebyte_Port_TxenIoControl                 0x08001ee5   Thumb Code    32  ebyte_port.o(i.Ebyte_Port_TxenIoControl)
    Error_Handler                            0x08001f09   Thumb Code     6  main.o(i.Error_Handler)
    HAL_DMA_Abort                            0x08001f0f   Thumb Code    86  stm32f1xx_hal_dma.o(i.HAL_DMA_Abort)
    HAL_DMA_Abort_IT                         0x08001f65   Thumb Code   172  stm32f1xx_hal_dma.o(i.HAL_DMA_Abort_IT)
    HAL_Delay                                0x08002015   Thumb Code    36  stm32f1xx_hal.o(i.HAL_Delay)
    HAL_GPIO_Init                            0x0800203d   Thumb Code   766  stm32f1xx_hal_gpio.o(i.HAL_GPIO_Init)
    HAL_GPIO_ReadPin                         0x0800235d   Thumb Code    16  stm32f1xx_hal_gpio.o(i.HAL_GPIO_ReadPin)
    HAL_GPIO_WritePin                        0x0800236d   Thumb Code    12  stm32f1xx_hal_gpio.o(i.HAL_GPIO_WritePin)
    HAL_GetTick                              0x08002379   Thumb Code     6  stm32f1xx_hal.o(i.HAL_GetTick)
    HAL_I2C_Init                             0x08002385   Thumb Code   446  stm32f1xx_hal_i2c.o(i.HAL_I2C_Init)
    HAL_I2C_Mem_Read                         0x08002555   Thumb Code   868  stm32f1xx_hal_i2c.o(i.HAL_I2C_Mem_Read)
    HAL_I2C_Mem_Write                        0x080028c9   Thumb Code   348  stm32f1xx_hal_i2c.o(i.HAL_I2C_Mem_Write)
    HAL_I2C_MspInit                          0x08002a2d   Thumb Code   104  i2c.o(i.HAL_I2C_MspInit)
    HAL_IncTick                              0x08002aa1   Thumb Code    16  stm32f1xx_hal.o(i.HAL_IncTick)
    HAL_Init                                 0x08002ab9   Thumb Code    34  stm32f1xx_hal.o(i.HAL_Init)
    HAL_InitTick                             0x08002ae1   Thumb Code    64  stm32f1xx_hal.o(i.HAL_InitTick)
    HAL_MspInit                              0x08002b2d   Thumb Code    76  stm32f1xx_hal_msp.o(i.HAL_MspInit)
    HAL_NVIC_EnableIRQ                       0x08002b81   Thumb Code    32  stm32f1xx_hal_cortex.o(i.HAL_NVIC_EnableIRQ)
    HAL_NVIC_SetPriority                     0x08002ba1   Thumb Code   124  stm32f1xx_hal_cortex.o(i.HAL_NVIC_SetPriority)
    HAL_NVIC_SetPriorityGrouping             0x08002c1d   Thumb Code    32  stm32f1xx_hal_cortex.o(i.HAL_NVIC_SetPriorityGrouping)
    HAL_PWR_EnableBkUpAccess                 0x08002c45   Thumb Code     8  stm32f1xx_hal_pwr.o(i.HAL_PWR_EnableBkUpAccess)
    HAL_RCCEx_GetPeriphCLKFreq               0x08002c51   Thumb Code   232  stm32f1xx_hal_rcc_ex.o(i.HAL_RCCEx_GetPeriphCLKFreq)
    HAL_RCCEx_PeriphCLKConfig                0x08002d4d   Thumb Code   290  stm32f1xx_hal_rcc_ex.o(i.HAL_RCCEx_PeriphCLKConfig)
    HAL_RCC_ClockConfig                      0x08002e7d   Thumb Code   376  stm32f1xx_hal_rcc.o(i.HAL_RCC_ClockConfig)
    HAL_RCC_GetHCLKFreq                      0x08003009   Thumb Code     6  stm32f1xx_hal_rcc.o(i.HAL_RCC_GetHCLKFreq)
    HAL_RCC_GetPCLK1Freq                     0x08003015   Thumb Code    22  stm32f1xx_hal_rcc.o(i.HAL_RCC_GetPCLK1Freq)
    HAL_RCC_GetPCLK2Freq                     0x08003035   Thumb Code    22  stm32f1xx_hal_rcc.o(i.HAL_RCC_GetPCLK2Freq)
    HAL_RCC_GetSysClockFreq                  0x08003055   Thumb Code    92  stm32f1xx_hal_rcc.o(i.HAL_RCC_GetSysClockFreq)
    HAL_RCC_OscConfig                        0x080030c5   Thumb Code  1114  stm32f1xx_hal_rcc.o(i.HAL_RCC_OscConfig)
    HAL_RTC_Init                             0x08003529   Thumb Code   188  stm32f1xx_hal_rtc.o(i.HAL_RTC_Init)
    HAL_RTC_MspInit                          0x080035e9   Thumb Code    52  rtc.o(i.HAL_RTC_MspInit)
    HAL_RTC_WaitForSynchro                   0x08003629   Thumb Code    64  stm32f1xx_hal_rtc.o(i.HAL_RTC_WaitForSynchro)
    HAL_SPI_Init                             0x08003669   Thumb Code   190  stm32f1xx_hal_spi.o(i.HAL_SPI_Init)
    HAL_SPI_MspInit                          0x08003729   Thumb Code   120  spi.o(i.HAL_SPI_MspInit)
    HAL_SPI_TransmitReceive                  0x080037ad   Thumb Code   584  stm32f1xx_hal_spi.o(i.HAL_SPI_TransmitReceive)
    HAL_SYSTICK_Config                       0x080039f5   Thumb Code    52  stm32f1xx_hal_cortex.o(i.HAL_SYSTICK_Config)
    HAL_UARTEx_ReceiveToIdle_IT              0x08003a29   Thumb Code   114  stm32f1xx_hal_uart.o(i.HAL_UARTEx_ReceiveToIdle_IT)
    HAL_UARTEx_RxEventCallback               0x08003a9d   Thumb Code    56  stm32f1xx_it.o(i.HAL_UARTEx_RxEventCallback)
    HAL_UART_ErrorCallback                   0x08003aed   Thumb Code     2  stm32f1xx_hal_uart.o(i.HAL_UART_ErrorCallback)
    HAL_UART_IRQHandler                      0x08003af1   Thumb Code   736  stm32f1xx_hal_uart.o(i.HAL_UART_IRQHandler)
    HAL_UART_Init                            0x08003dd5   Thumb Code   118  stm32f1xx_hal_uart.o(i.HAL_UART_Init)
    HAL_UART_MspInit                         0x08003e4d   Thumb Code   360  usart.o(i.HAL_UART_MspInit)
    HAL_UART_RxCpltCallback                  0x08003fcd   Thumb Code     2  stm32f1xx_hal_uart.o(i.HAL_UART_RxCpltCallback)
    HAL_UART_Transmit                        0x08003fcf   Thumb Code   190  stm32f1xx_hal_uart.o(i.HAL_UART_Transmit)
    HAL_UART_TxCpltCallback                  0x0800408d   Thumb Code     2  stm32f1xx_hal_uart.o(i.HAL_UART_TxCpltCallback)
    HardFault_Handler                        0x0800408f   Thumb Code     4  stm32f1xx_it.o(i.HardFault_Handler)
    MX_GPIO_Init                             0x08004621   Thumb Code   224  gpio.o(i.MX_GPIO_Init)
    MX_I2C1_Init                             0x0800470d   Thumb Code    48  i2c.o(i.MX_I2C1_Init)
    MX_RTC_Init                              0x08004749   Thumb Code    34  rtc.o(i.MX_RTC_Init)
    MX_SPI1_Init                             0x08004775   Thumb Code    60  spi.o(i.MX_SPI1_Init)
    MX_USART1_UART_Init                      0x080047b9   Thumb Code    46  usart.o(i.MX_USART1_UART_Init)
    MX_USART2_UART_Init                      0x080047f1   Thumb Code    46  usart.o(i.MX_USART2_UART_Init)
    MX_USART3_UART_Init                      0x08004829   Thumb Code    46  usart.o(i.MX_USART3_UART_Init)
    MemManage_Handler                        0x08004861   Thumb Code     4  stm32f1xx_it.o(i.MemManage_Handler)
    NMI_Handler                              0x080048e9   Thumb Code     4  stm32f1xx_it.o(i.NMI_Handler)
    PendSV_Handler                           0x080048ed   Thumb Code     2  stm32f1xx_it.o(i.PendSV_Handler)
    SVC_Handler                              0x08004aa9   Thumb Code     2  stm32f1xx_it.o(i.SVC_Handler)
    SysTick_Handler                          0x08004aab   Thumb Code     8  stm32f1xx_it.o(i.SysTick_Handler)
    SystemClock_Config                       0x08004ab3   Thumb Code   136  main.o(i.SystemClock_Config)
    SystemInit                               0x08004b3b   Thumb Code     2  system_stm32f1xx.o(i.SystemInit)
    UART_Start_Receive_IT                    0x08004dd5   Thumb Code    64  stm32f1xx_hal_uart.o(i.UART_Start_Receive_IT)
    USART2_IRQHandler                        0x08004f01   Thumb Code    10  stm32f1xx_it.o(i.USART2_IRQHandler)
    USART3_IRQHandler                        0x08004f11   Thumb Code    10  stm32f1xx_it.o(i.USART3_IRQHandler)
    UsageFault_Handler                       0x08004f21   Thumb Code     4  stm32f1xx_it.o(i.UsageFault_Handler)
    __0printf                                0x08004f25   Thumb Code    22  printfa.o(i.__0printf)
    __1printf                                0x08004f25   Thumb Code     0  printfa.o(i.__0printf)
    __2printf                                0x08004f25   Thumb Code     0  printfa.o(i.__0printf)
    __c89printf                              0x08004f25   Thumb Code     0  printfa.o(i.__0printf)
    printf                                   0x08004f25   Thumb Code     0  printfa.o(i.__0printf)
    __0sprintf                               0x08004f45   Thumb Code    34  printfa.o(i.__0sprintf)
    __1sprintf                               0x08004f45   Thumb Code     0  printfa.o(i.__0sprintf)
    __2sprintf                               0x08004f45   Thumb Code     0  printfa.o(i.__0sprintf)
    __c89sprintf                             0x08004f45   Thumb Code     0  printfa.o(i.__0sprintf)
    sprintf                                  0x08004f45   Thumb Code     0  printfa.o(i.__0sprintf)
    free                                     0x08004fa5   Thumb Code    88  mallocr.o(i.__free$realloc)
    malloc                                   0x08005001   Thumb Code    64  mallocr.o(i.__malloc$realloc)
    __scatterload_copy                       0x08005051   Thumb Code    14  handlers.o(i.__scatterload_copy)
    __scatterload_null                       0x0800505f   Thumb Code     2  handlers.o(i.__scatterload_null)
    __scatterload_zeroinit                   0x08005061   Thumb Code    14  handlers.o(i.__scatterload_zeroinit)
    _is_digit                                0x080051f5   Thumb Code    14  scanf_fp.o(i._is_digit)
    app_communication_init                   0x080059c5   Thumb Code    12  app_communication.o(i.app_communication_init)
    app_communication_send                   0x080059d1   Thumb Code   374  app_communication.o(i.app_communication_send)
    cJSON_AddNumberToObject                  0x08005bd1   Thumb Code    56  cjson.o(i.cJSON_AddNumberToObject)
    cJSON_AddStringToObject                  0x08005c0d   Thumb Code    48  cjson.o(i.cJSON_AddStringToObject)
    cJSON_CreateNumber                       0x08005c41   Thumb Code    82  cjson.o(i.cJSON_CreateNumber)
    cJSON_CreateObject                       0x08005ca5   Thumb Code    20  cjson.o(i.cJSON_CreateObject)
    cJSON_CreateString                       0x08005cbd   Thumb Code    46  cjson.o(i.cJSON_CreateString)
    cJSON_Delete                             0x08005cf1   Thumb Code    92  cjson.o(i.cJSON_Delete)
    cJSON_PrintUnformatted                   0x08005d6d   Thumb Code    16  cjson.o(i.cJSON_PrintUnformatted)
    fputc                                    0x08005ee9   Thumb Code    22  usart.o(i.fputc)
    int_DS3553_Reg_Init                      0x08005f19   Thumb Code    66  int_ds3553.o(i.int_DS3553_Reg_Init)
    int_DS3553_getStep                       0x08005f65   Thumb Code   140  int_ds3553.o(i.int_DS3553_getStep)
    int_GPS_Init                             0x08006005   Thumb Code    82  int_gps.o(i.int_GPS_Init)
    int_GPS_ReadData                         0x08006089   Thumb Code    72  int_gps.o(i.int_GPS_ReadData)
    int_GPS_WriteCmd                         0x080060d9   Thumb Code    22  int_gps.o(i.int_GPS_WriteCmd)
    int_LoRa_init                            0x080060f5   Thumb Code    16  int_lora.o(i.int_LoRa_init)
    int_LoRa_send_data                       0x08006109   Thumb Code    20  int_lora.o(i.int_LoRa_send_data)
    int_gps_Rx_Callback                      0x08006121   Thumb Code    30  int_gps.o(i.int_gps_Rx_Callback)
    main                                     0x0800619d   Thumb Code    64  main.o(i.main)
    realloc                                  0x08006bb1   Thumb Code   102  mallocr.o(i.realloc)
    AHBPrescTable                            0x08006c6a   Data          16  system_stm32f1xx.o(.constdata)
    APBPrescTable                            0x08006c7a   Data           8  system_stm32f1xx.o(.constdata)
    FskBandwidths                            0x08006c9c   Data         176  ebyte_e220x.o(.constdata)
    Ebyte_RF                                 0x08006d4c   Data          32  ebyte_core.o(.constdata)
    __ctype_categories                       0x08006d6c   Data          64  ctype_c.o(.constdata)
    Region$$Table$$Base                      0x08006e08   Number         0  anon$$obj.o(Region$$Table)
    Region$$Table$$Limit                     0x08006e28   Number         0  anon$$obj.o(Region$$Table)
    GPS_Data_Size                            0x20000000   Data           2  main.o(.data)
    ip                                       0x20000004   Data           4  main.o(.data)
    port                                     0x20000008   Data           2  main.o(.data)
    tcp_data                                 0x2000000a   Data        1024  main.o(.data)
    uwTick                                   0x2000040c   Data           4  stm32f1xx_hal.o(.data)
    uwTickPrio                               0x20000410   Data           4  stm32f1xx_hal.o(.data)
    uwTickFreq                               0x20000414   Data           1  stm32f1xx_hal.o(.data)
    SystemCoreClock                          0x20000418   Data           4  system_stm32f1xx.o(.data)
    QS_Data_Size                             0x20000422   Data           2  int_qs100.o(.data)
    QS_data_Length                           0x20000424   Data           2  int_qs100.o(.data)
    nsocr_val                                0x20000426   Data           1  int_qs100.o(.data)
    socket_Id                                0x20000427   Data           1  int_qs100.o(.data)
    __stdout                                 0x20000448   Data           4  stdout.o(.data)
    __microlib_freelist                      0x2000044c   Data           4  mvars.o(.data)
    __microlib_freelist_initialised          0x20000450   Data           4  mvars.o(.data)
    hi2c1                                    0x20000454   Data          84  i2c.o(.bss)
    hrtc                                     0x200004a8   Data          20  rtc.o(.bss)
    hspi1                                    0x200004bc   Data          88  spi.o(.bss)
    huart1                                   0x20000514   Data          72  usart.o(.bss)
    huart2                                   0x2000055c   Data          72  usart.o(.bss)
    huart3                                   0x200005a4   Data          72  usart.o(.bss)
    QS_data                                  0x200009ec   Data        1024  int_qs100.o(.bss)
    output_buffer                            0x20000dec   Data        1024  int_qs100.o(.bss)
    __heap_base                              0x20001740   Data           0  startup_stm32f103xb.o(HEAP)
    __heap_limit                             0x20001b40   Data           0  startup_stm32f103xb.o(HEAP)
    __initial_sp                             0x20001f40   Data           0  startup_stm32f103xb.o(STACK)



==============================================================================

Memory Map of the image

  Image Entry point : 0x080000ed

  Load Region LR_IROM1 (Base: 0x08000000, Size: 0x0000727c, Max: 0x00010000, ABSOLUTE, COMPRESSED[0x00006e60])

    Execution Region ER_IROM1 (Exec base: 0x08000000, Load base: 0x08000000, Size: 0x00006e28, Max: 0x00010000, ABSOLUTE)

    Exec Addr    Load Addr    Size         Type   Attr      Idx    E Section Name        Object

    0x08000000   0x08000000   0x000000ec   Data   RO            3    RESET               startup_stm32f103xb.o
    0x080000ec   0x080000ec   0x00000000   Code   RO          767  * .ARM.Collect$$$$00000000  mc_w.l(entry.o)
    0x080000ec   0x080000ec   0x00000004   Code   RO          944    .ARM.Collect$$$$00000001  mc_w.l(entry2.o)
    0x080000f0   0x080000f0   0x00000004   Code   RO          947    .ARM.Collect$$$$00000004  mc_w.l(entry5.o)
    0x080000f4   0x080000f4   0x00000000   Code   RO          949    .ARM.Collect$$$$00000008  mc_w.l(entry7b.o)
    0x080000f4   0x080000f4   0x00000000   Code   RO          951    .ARM.Collect$$$$0000000A  mc_w.l(entry8b.o)
    0x080000f4   0x080000f4   0x00000008   Code   RO          952    .ARM.Collect$$$$0000000B  mc_w.l(entry9a.o)
    0x080000fc   0x080000fc   0x00000004   Code   RO          959    .ARM.Collect$$$$0000000E  mc_w.l(entry12b.o)
    0x08000100   0x08000100   0x00000000   Code   RO          954    .ARM.Collect$$$$0000000F  mc_w.l(entry10a.o)
    0x08000100   0x08000100   0x00000000   Code   RO          956    .ARM.Collect$$$$00000011  mc_w.l(entry11a.o)
    0x08000100   0x08000100   0x00000004   Code   RO          945    .ARM.Collect$$$$00002712  mc_w.l(entry2.o)
    0x08000104   0x08000104   0x00000024   Code   RO            4    .text               startup_stm32f103xb.o
    0x08000128   0x08000128   0x00000020   Code   RO          770    .text               mc_w.l(llushr.o)
    0x08000148   0x08000148   0x00000024   Code   RO          772    .text               mc_w.l(memcpya.o)
    0x0800016c   0x0800016c   0x00000024   Code   RO          773    .text               mc_w.l(memseta.o)
    0x08000190   0x08000190   0x0000000e   Code   RO          775    .text               mc_w.l(strlen.o)
    0x0800019e   0x0800019e   0x00000012   Code   RO          777    .text               mc_w.l(strcpy.o)
    0x080001b0   0x080001b0   0x00000016   Code   RO          779    .text               mc_w.l(strrchr.o)
    0x080001c6   0x080001c6   0x00000002   PAD
    0x080001c8   0x080001c8   0x00000038   Code   RO          926    .text               mc_w.l(__0sscanf.o)
    0x08000200   0x08000200   0x000000e0   Code   RO          928    .text               mc_w.l(_scanf_str.o)
    0x080002e0   0x080002e0   0x00000360   Code   RO          929    .text               mc_w.l(scanf_fp.o)
    0x08000640   0x08000640   0x0000007c   Code   RO          932    .text               mf_w.l(fdiv.o)
    0x080006bc   0x080006bc   0x0000014e   Code   RO          933    .text               mf_w.l(dadd.o)
    0x0800080a   0x0800080a   0x000000e4   Code   RO          934    .text               mf_w.l(dmul.o)
    0x080008ee   0x080008ee   0x000000de   Code   RO          935    .text               mf_w.l(ddiv.o)
    0x080009cc   0x080009cc   0x00000022   Code   RO          936    .text               mf_w.l(dflti.o)
    0x080009ee   0x080009ee   0x0000001a   Code   RO          937    .text               mf_w.l(dfltui.o)
    0x08000a08   0x08000a08   0x0000003e   Code   RO          938    .text               mf_w.l(dfixi.o)
    0x08000a46   0x08000a46   0x00000032   Code   RO          939    .text               mf_w.l(dfixui.o)
    0x08000a78   0x08000a78   0x00000026   Code   RO          940    .text               mf_w.l(f2d.o)
    0x08000a9e   0x08000a9e   0x00000002   PAD
    0x08000aa0   0x08000aa0   0x00000030   Code   RO          941    .text               mf_w.l(cdcmple.o)
    0x08000ad0   0x08000ad0   0x00000030   Code   RO          942    .text               mf_w.l(cdrcmple.o)
    0x08000b00   0x08000b00   0x00000038   Code   RO          943    .text               mf_w.l(d2f.o)
    0x08000b38   0x08000b38   0x0000002c   Code   RO          961    .text               mc_w.l(uidiv.o)
    0x08000b64   0x08000b64   0x00000062   Code   RO          962    .text               mc_w.l(uldiv.o)
    0x08000bc6   0x08000bc6   0x0000001e   Code   RO          963    .text               mc_w.l(llshl.o)
    0x08000be4   0x08000be4   0x00000024   Code   RO          964    .text               mc_w.l(llsshr.o)
    0x08000c08   0x08000c08   0x00000028   Code   RO          968    .text               mc_w.l(scanf_char.o)
    0x08000c30   0x08000c30   0x00000040   Code   RO          969    .text               mc_w.l(_sgetc.o)
    0x08000c70   0x08000c70   0x00000000   Code   RO          971    .text               mc_w.l(iusefp.o)
    0x08000c70   0x08000c70   0x0000006e   Code   RO          972    .text               mf_w.l(fepilogue.o)
    0x08000cde   0x08000cde   0x000000ba   Code   RO          973    .text               mf_w.l(depilogue.o)
    0x08000d98   0x08000d98   0x00000018   Code   RO          974    .text               mf_w.l(dfltul.o)
    0x08000db0   0x08000db0   0x00000030   Code   RO          975    .text               mf_w.l(dfixul.o)
    0x08000de0   0x08000de0   0x00000024   Code   RO          976    .text               mc_w.l(init.o)
    0x08000e04   0x08000e04   0x0000000a   Code   RO          977    .text               mc_w.l(isspace_c.o)
    0x08000e0e   0x08000e0e   0x00000002   PAD
    0x08000e10   0x08000e10   0x00000330   Code   RO          978    .text               mc_w.l(_scanf.o)
    0x08001140   0x08001140   0x00000028   Code   RO          979    .text               mc_w.l(ctype_c.o)
    0x08001168   0x08001168   0x0000003a   Code   RO          986    .text               mc_w.l(__dczerorl.o)
    0x080011a2   0x080011a2   0x00000004   Code   RO           52    i.BusFault_Handler  stm32f1xx_it.o
    0x080011a6   0x080011a6   0x00000002   Code   RO           53    i.DebugMon_Handler  stm32f1xx_it.o
    0x080011a8   0x080011a8   0x0000000e   Code   RO          679    i.Ebyte_E220x_Calibrate  ebyte_e220x.o
    0x080011b6   0x080011b6   0x00000002   PAD
    0x080011b8   0x080011b8   0x00000088   Code   RO          680    i.Ebyte_E220x_CalibrateImage  ebyte_e220x.o
    0x08001240   0x08001240   0x0000001a   Code   RO          681    i.Ebyte_E220x_CheckReady  ebyte_e220x.o
    0x0800125a   0x0800125a   0x0000001c   Code   RO          683    i.Ebyte_E220x_ClearIrqStatus  ebyte_e220x.o
    0x08001276   0x08001276   0x00000004   Code   RO          685    i.Ebyte_E220x_GetDriverVersion  ebyte_e220x.o
    0x0800127a   0x0800127a   0x0000001a   Code   RO          688    i.Ebyte_E220x_GetIrqStatus  ebyte_e220x.o
    0x08001294   0x08001294   0x00000054   Code   RO          689    i.Ebyte_E220x_GetLoraPacketStatus  ebyte_e220x.o
    0x080012e8   0x080012e8   0x00000008   Code   RO          690    i.Ebyte_E220x_GetName  ebyte_e220x.o
    0x080012f0   0x080012f0   0x0000000c   Code   RO          691    i.Ebyte_E220x_GetOperatingMode  ebyte_e220x.o
    0x080012fc   0x080012fc   0x0000002e   Code   RO          693    i.Ebyte_E220x_GetPayload  ebyte_e220x.o
    0x0800132a   0x0800132a   0x0000003a   Code   RO          696    i.Ebyte_E220x_GetRxBufferStatus  ebyte_e220x.o
    0x08001364   0x08001364   0x0000008c   Code   RO          698    i.Ebyte_E220x_Init  ebyte_e220x.o
    0x080013f0   0x080013f0   0x00000058   Code   RO          699    i.Ebyte_E220x_IntOrPollTask  ebyte_e220x.o
    0x08001448   0x08001448   0x00000002   Code   RO          700    i.Ebyte_E220x_InterruptTrigger  ebyte_e220x.o
    0x0800144a   0x0800144a   0x00000048   Code   RO          701    i.Ebyte_E220x_ReadBuffer  ebyte_e220x.o
    0x08001492   0x08001492   0x00000042   Code   RO          702    i.Ebyte_E220x_ReadCommand  ebyte_e220x.o
    0x080014d4   0x080014d4   0x00000014   Code   RO          703    i.Ebyte_E220x_ReadRegister  ebyte_e220x.o
    0x080014e8   0x080014e8   0x0000004e   Code   RO          704    i.Ebyte_E220x_ReadRegisters  ebyte_e220x.o
    0x08001536   0x08001536   0x00000022   Code   RO          705    i.Ebyte_E220x_Reset  ebyte_e220x.o
    0x08001558   0x08001558   0x00000010   Code   RO          706    i.Ebyte_E220x_RfIoEnterRxMode  ebyte_e220x.o
    0x08001568   0x08001568   0x00000010   Code   RO          707    i.Ebyte_E220x_RfIoEnterTxMode  ebyte_e220x.o
    0x08001578   0x08001578   0x00000042   Code   RO          708    i.Ebyte_E220x_SendPayload  ebyte_e220x.o
    0x080015ba   0x080015ba   0x0000001a   Code   RO          709    i.Ebyte_E220x_SetBufferBaseAddress  ebyte_e220x.o
    0x080015d4   0x080015d4   0x0000000e   Code   RO          714    i.Ebyte_E220x_SetDio2AsRfSwitchCtrl  ebyte_e220x.o
    0x080015e2   0x080015e2   0x0000004a   Code   RO          716    i.Ebyte_E220x_SetDioIrqParams  ebyte_e220x.o
    0x0800162c   0x0800162c   0x0000003a   Code   RO          721    i.Ebyte_E220x_SetLoraPacketParams  ebyte_e220x.o
    0x08001666   0x08001666   0x0000001a   Code   RO          722    i.Ebyte_E220x_SetLoraSyncWord  ebyte_e220x.o
    0x08001680   0x08001680   0x0000002c   Code   RO          724    i.Ebyte_E220x_SetModulationLoraParams  ebyte_e220x.o
    0x080016ac   0x080016ac   0x00000026   Code   RO          725    i.Ebyte_E220x_SetPaConfig  ebyte_e220x.o
    0x080016d2   0x080016d2   0x00000002   PAD
    0x080016d4   0x080016d4   0x0000001c   Code   RO          726    i.Ebyte_E220x_SetPacketType  ebyte_e220x.o
    0x080016f0   0x080016f0   0x00000012   Code   RO          727    i.Ebyte_E220x_SetPayload  ebyte_e220x.o
    0x08001702   0x08001702   0x0000000e   Code   RO          728    i.Ebyte_E220x_SetRegulatorMode  ebyte_e220x.o
    0x08001710   0x08001710   0x00000074   Code   RO          729    i.Ebyte_E220x_SetRfFrequency  ebyte_e220x.o
    0x08001784   0x08001784   0x00000068   Code   RO          730    i.Ebyte_E220x_SetRx  ebyte_e220x.o
    0x080017ec   0x080017ec   0x00000024   Code   RO          734    i.Ebyte_E220x_SetSleep  ebyte_e220x.o
    0x08001810   0x08001810   0x00000028   Code   RO          735    i.Ebyte_E220x_SetStandby  ebyte_e220x.o
    0x08001838   0x08001838   0x00000060   Code   RO          737    i.Ebyte_E220x_SetTx  ebyte_e220x.o
    0x08001898   0x08001898   0x00000044   Code   RO          740    i.Ebyte_E220x_SetTxPaParams  ebyte_e220x.o
    0x080018dc   0x080018dc   0x0000000e   Code   RO          742    i.Ebyte_E220x_WaitOnBusy  ebyte_e220x.o
    0x080018ea   0x080018ea   0x00000020   Code   RO          743    i.Ebyte_E220x_Wakeup  ebyte_e220x.o
    0x0800190a   0x0800190a   0x00000040   Code   RO          744    i.Ebyte_E220x_WriteBuffer  ebyte_e220x.o
    0x0800194a   0x0800194a   0x0000003e   Code   RO          745    i.Ebyte_E220x_WriteCommand  ebyte_e220x.o
    0x08001988   0x08001988   0x00000010   Code   RO          746    i.Ebyte_E220x_WriteRegister  ebyte_e220x.o
    0x08001998   0x08001998   0x00000046   Code   RO          747    i.Ebyte_E220x_WriteRegisters  ebyte_e220x.o
    0x080019de   0x080019de   0x00000002   PAD
    0x080019e0   0x080019e0   0x00000018   Code   RO          754    i.Ebyte_Port_BusyIoRead  ebyte_port.o
    0x080019f8   0x080019f8   0x0000000c   Code   RO          755    i.Ebyte_Port_DelayMs  ebyte_port.o
    0x08001a04   0x08001a04   0x0000022c   Code   RO          674    i.Ebyte_Port_ReceiveCallback  ebyte_callback.o
    0x08001c30   0x08001c30   0x00000024   Code   RO          756    i.Ebyte_Port_RstIoControl  ebyte_port.o
    0x08001c54   0x08001c54   0x00000028   Code   RO          757    i.Ebyte_Port_RxenIoControl  ebyte_port.o
    0x08001c7c   0x08001c7c   0x00000024   Code   RO          758    i.Ebyte_Port_SpiCsIoControl  ebyte_port.o
    0x08001ca0   0x08001ca0   0x00000024   Code   RO          759    i.Ebyte_Port_SpiTransmitAndReceivce  ebyte_port.o
    0x08001cc4   0x08001cc4   0x00000220   Code   RO          675    i.Ebyte_Port_TransmitCallback  ebyte_callback.o
    0x08001ee4   0x08001ee4   0x00000024   Code   RO          760    i.Ebyte_Port_TxenIoControl  ebyte_port.o
    0x08001f08   0x08001f08   0x00000006   Code   RO            8    i.Error_Handler     main.o
    0x08001f0e   0x08001f0e   0x00000056   Code   RO          229    i.HAL_DMA_Abort     stm32f1xx_hal_dma.o
    0x08001f64   0x08001f64   0x000000b0   Code   RO          230    i.HAL_DMA_Abort_IT  stm32f1xx_hal_dma.o
    0x08002014   0x08002014   0x00000028   Code   RO          169    i.HAL_Delay         stm32f1xx_hal.o
    0x0800203c   0x0800203c   0x00000320   Code   RO          220    i.HAL_GPIO_Init     stm32f1xx_hal_gpio.o
    0x0800235c   0x0800235c   0x00000010   Code   RO          222    i.HAL_GPIO_ReadPin  stm32f1xx_hal_gpio.o
    0x0800236c   0x0800236c   0x0000000c   Code   RO          224    i.HAL_GPIO_WritePin  stm32f1xx_hal_gpio.o
    0x08002378   0x08002378   0x0000000c   Code   RO          173    i.HAL_GetTick       stm32f1xx_hal.o
    0x08002384   0x08002384   0x000001d0   Code   RO           88    i.HAL_I2C_Init      stm32f1xx_hal_i2c.o
    0x08002554   0x08002554   0x00000374   Code   RO          106    i.HAL_I2C_Mem_Read  stm32f1xx_hal_i2c.o
    0x080028c8   0x080028c8   0x00000164   Code   RO          109    i.HAL_I2C_Mem_Write  stm32f1xx_hal_i2c.o
    0x08002a2c   0x08002a2c   0x00000074   Code   RO           22    i.HAL_I2C_MspInit   i2c.o
    0x08002aa0   0x08002aa0   0x00000018   Code   RO          179    i.HAL_IncTick       stm32f1xx_hal.o
    0x08002ab8   0x08002ab8   0x00000028   Code   RO          180    i.HAL_Init          stm32f1xx_hal.o
    0x08002ae0   0x08002ae0   0x0000004c   Code   RO          181    i.HAL_InitTick      stm32f1xx_hal.o
    0x08002b2c   0x08002b2c   0x00000054   Code   RO           67    i.HAL_MspInit       stm32f1xx_hal_msp.o
    0x08002b80   0x08002b80   0x00000020   Code   RO          246    i.HAL_NVIC_EnableIRQ  stm32f1xx_hal_cortex.o
    0x08002ba0   0x08002ba0   0x0000007c   Code   RO          252    i.HAL_NVIC_SetPriority  stm32f1xx_hal_cortex.o
    0x08002c1c   0x08002c1c   0x00000028   Code   RO          253    i.HAL_NVIC_SetPriorityGrouping  stm32f1xx_hal_cortex.o
    0x08002c44   0x08002c44   0x0000000c   Code   RO          271    i.HAL_PWR_EnableBkUpAccess  stm32f1xx_hal_pwr.o
    0x08002c50   0x08002c50   0x000000fc   Code   RO          211    i.HAL_RCCEx_GetPeriphCLKFreq  stm32f1xx_hal_rcc_ex.o
    0x08002d4c   0x08002d4c   0x00000130   Code   RO          212    i.HAL_RCCEx_PeriphCLKConfig  stm32f1xx_hal_rcc_ex.o
    0x08002e7c   0x08002e7c   0x0000018c   Code   RO          192    i.HAL_RCC_ClockConfig  stm32f1xx_hal_rcc.o
    0x08003008   0x08003008   0x0000000c   Code   RO          197    i.HAL_RCC_GetHCLKFreq  stm32f1xx_hal_rcc.o
    0x08003014   0x08003014   0x00000020   Code   RO          199    i.HAL_RCC_GetPCLK1Freq  stm32f1xx_hal_rcc.o
    0x08003034   0x08003034   0x00000020   Code   RO          200    i.HAL_RCC_GetPCLK2Freq  stm32f1xx_hal_rcc.o
    0x08003054   0x08003054   0x00000070   Code   RO          201    i.HAL_RCC_GetSysClockFreq  stm32f1xx_hal_rcc.o
    0x080030c4   0x080030c4   0x00000464   Code   RO          204    i.HAL_RCC_OscConfig  stm32f1xx_hal_rcc.o
    0x08003528   0x08003528   0x000000c0   Code   RO          342    i.HAL_RTC_Init      stm32f1xx_hal_rtc.o
    0x080035e8   0x080035e8   0x00000040   Code   RO           29    i.HAL_RTC_MspInit   rtc.o
    0x08003628   0x08003628   0x00000040   Code   RO          350    i.HAL_RTC_WaitForSynchro  stm32f1xx_hal_rtc.o
    0x08003668   0x08003668   0x000000be   Code   RO          393    i.HAL_SPI_Init      stm32f1xx_hal_spi.o
    0x08003726   0x08003726   0x00000002   PAD
    0x08003728   0x08003728   0x00000084   Code   RO           36    i.HAL_SPI_MspInit   spi.o
    0x080037ac   0x080037ac   0x00000248   Code   RO          402    i.HAL_SPI_TransmitReceive  stm32f1xx_hal_spi.o
    0x080039f4   0x080039f4   0x00000034   Code   RO          257    i.HAL_SYSTICK_Config  stm32f1xx_hal_cortex.o
    0x08003a28   0x08003a28   0x00000072   Code   RO          451    i.HAL_UARTEx_ReceiveToIdle_IT  stm32f1xx_hal_uart.o
    0x08003a9a   0x08003a9a   0x00000002   PAD
    0x08003a9c   0x08003a9c   0x00000050   Code   RO           54    i.HAL_UARTEx_RxEventCallback  stm32f1xx_it.o
    0x08003aec   0x08003aec   0x00000002   Code   RO          466    i.HAL_UART_ErrorCallback  stm32f1xx_hal_uart.o
    0x08003aee   0x08003aee   0x00000002   PAD
    0x08003af0   0x08003af0   0x000002e4   Code   RO          469    i.HAL_UART_IRQHandler  stm32f1xx_hal_uart.o
    0x08003dd4   0x08003dd4   0x00000076   Code   RO          470    i.HAL_UART_Init     stm32f1xx_hal_uart.o
    0x08003e4a   0x08003e4a   0x00000002   PAD
    0x08003e4c   0x08003e4c   0x00000180   Code   RO           43    i.HAL_UART_MspInit  usart.o
    0x08003fcc   0x08003fcc   0x00000002   Code   RO          476    i.HAL_UART_RxCpltCallback  stm32f1xx_hal_uart.o
    0x08003fce   0x08003fce   0x000000be   Code   RO          478    i.HAL_UART_Transmit  stm32f1xx_hal_uart.o
    0x0800408c   0x0800408c   0x00000002   Code   RO          481    i.HAL_UART_TxCpltCallback  stm32f1xx_hal_uart.o
    0x0800408e   0x0800408e   0x00000004   Code   RO           55    i.HardFault_Handler  stm32f1xx_it.o
    0x08004092   0x08004092   0x0000003e   Code   RO          132    i.I2C_IsAcknowledgeFailed  stm32f1xx_hal_i2c.o
    0x080040d0   0x080040d0   0x00000160   Code   RO          143    i.I2C_RequestMemoryRead  stm32f1xx_hal_i2c.o
    0x08004230   0x08004230   0x000000e0   Code   RO          144    i.I2C_RequestMemoryWrite  stm32f1xx_hal_i2c.o
    0x08004310   0x08004310   0x00000066   Code   RO          152    i.I2C_WaitOnBTFFlagUntilTimeout  stm32f1xx_hal_i2c.o
    0x08004376   0x08004376   0x000000be   Code   RO          153    i.I2C_WaitOnFlagUntilTimeout  stm32f1xx_hal_i2c.o
    0x08004434   0x08004434   0x000000fa   Code   RO          154    i.I2C_WaitOnMasterAddressFlagUntilTimeout  stm32f1xx_hal_i2c.o
    0x0800452e   0x0800452e   0x0000008a   Code   RO          155    i.I2C_WaitOnRXNEFlagUntilTimeout  stm32f1xx_hal_i2c.o
    0x080045b8   0x080045b8   0x00000066   Code   RO          158    i.I2C_WaitOnTXEFlagUntilTimeout  stm32f1xx_hal_i2c.o
    0x0800461e   0x0800461e   0x00000002   PAD
    0x08004620   0x08004620   0x000000ec   Code   RO           17    i.MX_GPIO_Init      gpio.o
    0x0800470c   0x0800470c   0x0000003c   Code   RO           23    i.MX_I2C1_Init      i2c.o
    0x08004748   0x08004748   0x0000002c   Code   RO           30    i.MX_RTC_Init       rtc.o
    0x08004774   0x08004774   0x00000044   Code   RO           37    i.MX_SPI1_Init      spi.o
    0x080047b8   0x080047b8   0x00000038   Code   RO           44    i.MX_USART1_UART_Init  usart.o
    0x080047f0   0x080047f0   0x00000038   Code   RO           45    i.MX_USART2_UART_Init  usart.o
    0x08004828   0x08004828   0x00000038   Code   RO           46    i.MX_USART3_UART_Init  usart.o
    0x08004860   0x08004860   0x00000004   Code   RO           56    i.MemManage_Handler  stm32f1xx_it.o
    0x08004864   0x08004864   0x00000084   Code   RO          549    i.NMEA_To_Decimal   app_communication.o
    0x080048e8   0x080048e8   0x00000004   Code   RO           57    i.NMI_Handler       stm32f1xx_it.o
    0x080048ec   0x080048ec   0x00000002   Code   RO           58    i.PendSV_Handler    stm32f1xx_it.o
    0x080048ee   0x080048ee   0x00000002   PAD
    0x080048f0   0x080048f0   0x00000028   Code   RO          205    i.RCC_Delay         stm32f1xx_hal_rcc.o
    0x08004918   0x08004918   0x0000003a   Code   RO          354    i.RTC_EnterInitMode  stm32f1xx_hal_rtc.o
    0x08004952   0x08004952   0x0000003a   Code   RO          355    i.RTC_ExitInitMode  stm32f1xx_hal_rtc.o
    0x0800498c   0x0800498c   0x00000044   Code   RO          431    i.SPI_EndRxTxTransaction  stm32f1xx_hal_spi.o
    0x080049d0   0x080049d0   0x000000d8   Code   RO          436    i.SPI_WaitFlagStateUntilTimeout  stm32f1xx_hal_spi.o
    0x08004aa8   0x08004aa8   0x00000002   Code   RO           59    i.SVC_Handler       stm32f1xx_it.o
    0x08004aaa   0x08004aaa   0x00000008   Code   RO           60    i.SysTick_Handler   stm32f1xx_it.o
    0x08004ab2   0x08004ab2   0x00000088   Code   RO            9    i.SystemClock_Config  main.o
    0x08004b3a   0x08004b3a   0x00000002   Code   RO          506    i.SystemInit        system_stm32f1xx.o
    0x08004b3c   0x08004b3c   0x00000014   Code   RO          483    i.UART_DMAAbortOnError  stm32f1xx_hal_uart.o
    0x08004b50   0x08004b50   0x0000006c   Code   RO          493    i.UART_EndRxTransfer  stm32f1xx_hal_uart.o
    0x08004bbc   0x08004bbc   0x00000020   Code   RO          494    i.UART_EndTransmit_IT  stm32f1xx_hal_uart.o
    0x08004bdc   0x08004bdc   0x000000fc   Code   RO          496    i.UART_Receive_IT   stm32f1xx_hal_uart.o
    0x08004cd8   0x08004cd8   0x000000fc   Code   RO          497    i.UART_SetConfig    stm32f1xx_hal_uart.o
    0x08004dd4   0x08004dd4   0x00000040   Code   RO          499    i.UART_Start_Receive_IT  stm32f1xx_hal_uart.o
    0x08004e14   0x08004e14   0x00000060   Code   RO          500    i.UART_Transmit_IT  stm32f1xx_hal_uart.o
    0x08004e74   0x08004e74   0x0000008c   Code   RO          501    i.UART_WaitOnFlagUntilTimeout  stm32f1xx_hal_uart.o
    0x08004f00   0x08004f00   0x00000010   Code   RO           61    i.USART2_IRQHandler  stm32f1xx_it.o
    0x08004f10   0x08004f10   0x00000010   Code   RO           62    i.USART3_IRQHandler  stm32f1xx_it.o
    0x08004f20   0x08004f20   0x00000004   Code   RO           63    i.UsageFault_Handler  stm32f1xx_it.o
    0x08004f24   0x08004f24   0x00000020   Code   RO          898    i.__0printf         mc_w.l(printfa.o)
    0x08004f44   0x08004f44   0x00000028   Code   RO          900    i.__0sprintf        mc_w.l(printfa.o)
    0x08004f6c   0x08004f6c   0x00000010   Code   RO          259    i.__NVIC_GetPriorityGrouping  stm32f1xx_hal_cortex.o
    0x08004f7c   0x08004f7c   0x00000028   Code   RO          260    i.__NVIC_SetPriority  stm32f1xx_hal_cortex.o
    0x08004fa4   0x08004fa4   0x0000005c   Code   RO          914    i.__free$realloc    mc_w.l(mallocr.o)
    0x08005000   0x08005000   0x00000050   Code   RO          915    i.__malloc$realloc  mc_w.l(mallocr.o)
    0x08005050   0x08005050   0x0000000e   Code   RO          983    i.__scatterload_copy  mc_w.l(handlers.o)
    0x0800505e   0x0800505e   0x00000002   Code   RO          984    i.__scatterload_null  mc_w.l(handlers.o)
    0x08005060   0x08005060   0x0000000e   Code   RO          985    i.__scatterload_zeroinit  mc_w.l(handlers.o)
    0x0800506e   0x0800506e   0x00000002   PAD
    0x08005070   0x08005070   0x00000184   Code   RO          905    i._fp_digits        mc_w.l(printfa.o)
    0x080051f4   0x080051f4   0x0000000e   Code   RO          931    i._is_digit         mc_w.l(scanf_fp.o)
    0x08005202   0x08005202   0x00000002   PAD
    0x08005204   0x08005204   0x000006b4   Code   RO          906    i._printf_core      mc_w.l(printfa.o)
    0x080058b8   0x080058b8   0x00000024   Code   RO          907    i._printf_post_padding  mc_w.l(printfa.o)
    0x080058dc   0x080058dc   0x0000002e   Code   RO          908    i._printf_pre_padding  mc_w.l(printfa.o)
    0x0800590a   0x0800590a   0x0000000a   Code   RO          910    i._sputc            mc_w.l(printfa.o)
    0x08005914   0x08005914   0x00000036   Code   RO          557    i.add_item_to_array  cjson.o
    0x0800594a   0x0800594a   0x0000007a   Code   RO          558    i.add_item_to_object  cjson.o
    0x080059c4   0x080059c4   0x0000000c   Code   RO          550    i.app_communication_init  app_communication.o
    0x080059d0   0x080059d0   0x00000200   Code   RO          551    i.app_communication_send  app_communication.o
    0x08005bd0   0x08005bd0   0x0000003c   Code   RO          569    i.cJSON_AddNumberToObject  cjson.o
    0x08005c0c   0x08005c0c   0x00000034   Code   RO          572    i.cJSON_AddStringToObject  cjson.o
    0x08005c40   0x08005c40   0x00000064   Code   RO          583    i.cJSON_CreateNumber  cjson.o
    0x08005ca4   0x08005ca4   0x00000018   Code   RO          584    i.cJSON_CreateObject  cjson.o
    0x08005cbc   0x08005cbc   0x00000034   Code   RO          587    i.cJSON_CreateString  cjson.o
    0x08005cf0   0x08005cf0   0x00000060   Code   RO          591    i.cJSON_Delete      cjson.o
    0x08005d50   0x08005d50   0x0000001a   Code   RO          621    i.cJSON_New_Item    cjson.o
    0x08005d6a   0x08005d6a   0x00000002   PAD
    0x08005d6c   0x08005d6c   0x00000014   Code   RO          629    i.cJSON_PrintUnformatted  cjson.o
    0x08005d80   0x08005d80   0x00000038   Code   RO          639    i.cJSON_strdup      cjson.o
    0x08005db8   0x08005db8   0x00000002   Code   RO          641    i.cast_away_const   cjson.o
    0x08005dba   0x08005dba   0x00000002   PAD
    0x08005dbc   0x08005dbc   0x00000074   Code   RO          642    i.compare_double    cjson.o
    0x08005e30   0x08005e30   0x000000b8   Code   RO          644    i.ensure            cjson.o
    0x08005ee8   0x08005ee8   0x0000001c   Code   RO           47    i.fputc             usart.o
    0x08005f04   0x08005f04   0x00000010   Code   RO          552    i.get_Step          app_communication.o
    0x08005f14   0x08005f14   0x00000004   Code   RO          646    i.get_decimal_point  cjson.o
    0x08005f18   0x08005f18   0x0000004c   Code   RO          515    i.int_DS3553_Reg_Init  int_ds3553.o
    0x08005f64   0x08005f64   0x000000a0   Code   RO          516    i.int_DS3553_getStep  int_ds3553.o
    0x08006004   0x08006004   0x00000084   Code   RO          521    i.int_GPS_Init      int_gps.o
    0x08006088   0x08006088   0x00000050   Code   RO          522    i.int_GPS_ReadData  int_gps.o
    0x080060d8   0x080060d8   0x0000001c   Code   RO          523    i.int_GPS_WriteCmd  int_gps.o
    0x080060f4   0x080060f4   0x00000014   Code   RO          544    i.int_LoRa_init     int_lora.o
    0x08006108   0x08006108   0x00000018   Code   RO          545    i.int_LoRa_send_data  int_lora.o
    0x08006120   0x08006120   0x0000002c   Code   RO          524    i.int_gps_Rx_Callback  int_gps.o
    0x0800614c   0x0800614c   0x00000050   Code   RO          916    i.internal_alloc    mc_w.l(mallocr.o)
    0x0800619c   0x0800619c   0x00000048   Code   RO           10    i.main              main.o
    0x080061e4   0x080061e4   0x0000030c   Code   RO          553    i.parse_gps_data    app_communication.o
    0x080064f0   0x080064f0   0x000000bc   Code   RO          655    i.print             cjson.o
    0x080065ac   0x080065ac   0x000000b2   Code   RO          656    i.print_array       cjson.o
    0x0800665e   0x0800665e   0x00000002   PAD
    0x08006660   0x08006660   0x00000154   Code   RO          657    i.print_number      cjson.o
    0x080067b4   0x080067b4   0x00000174   Code   RO          658    i.print_object      cjson.o
    0x08006928   0x08006928   0x00000010   Code   RO          659    i.print_string      cjson.o
    0x08006938   0x08006938   0x00000174   Code   RO          660    i.print_string_ptr  cjson.o
    0x08006aac   0x08006aac   0x00000104   Code   RO          661    i.print_value       cjson.o
    0x08006bb0   0x08006bb0   0x0000006c   Code   RO          917    i.realloc           mc_w.l(mallocr.o)
    0x08006c1c   0x08006c1c   0x00000006   Code   RO          666    i.suffix_object     cjson.o
    0x08006c22   0x08006c22   0x00000024   Code   RO          667    i.update_offset     cjson.o
    0x08006c46   0x08006c46   0x00000012   Data   RO          206    .constdata          stm32f1xx_hal_rcc.o
    0x08006c58   0x08006c58   0x00000012   Data   RO          213    .constdata          stm32f1xx_hal_rcc_ex.o
    0x08006c6a   0x08006c6a   0x00000018   Data   RO          507    .constdata          system_stm32f1xx.o
    0x08006c82   0x08006c82   0x00000002   PAD
    0x08006c84   0x08006c84   0x000000c8   Data   RO          749    .constdata          ebyte_e220x.o
    0x08006d4c   0x08006d4c   0x00000020   Data   RO          764    .constdata          ebyte_core.o
    0x08006d6c   0x08006d6c   0x00000040   Data   RO          980    .constdata          mc_w.l(ctype_c.o)
    0x08006dac   0x08006dac   0x0000000d   Data   RO           12    .conststring        main.o
    0x08006db9   0x08006db9   0x00000003   PAD
    0x08006dbc   0x08006dbc   0x0000004b   Data   RO          555    .conststring        app_communication.o
    0x08006e07   0x08006e07   0x00000001   PAD
    0x08006e08   0x08006e08   0x00000020   Data   RO          981    Region$$Table       anon$$obj.o


    Execution Region RW_IRAM1 (Exec base: 0x20000000, Load base: 0x08006e28, Size: 0x00001f40, Max: 0x00005000, ABSOLUTE, COMPRESSED[0x00000038])

    Exec Addr    Load Addr    Size         Type   Attr      Idx    E Section Name        Object

    0x20000000   COMPRESSED   0x0000040a   Data   RW           13    .data               main.o
    0x2000040a   COMPRESSED   0x00000002   PAD
    0x2000040c   COMPRESSED   0x00000009   Data   RW          187    .data               stm32f1xx_hal.o
    0x20000415   COMPRESSED   0x00000003   PAD
    0x20000418   COMPRESSED   0x00000004   Data   RW          508    .data               system_stm32f1xx.o
    0x2000041c   COMPRESSED   0x00000003   Data   RW          517    .data               int_ds3553.o
    0x2000041f   COMPRESSED   0x00000001   PAD
    0x20000420   COMPRESSED   0x00000002   Data   RW          526    .data               int_gps.o
    0x20000422   COMPRESSED   0x00000006   Data   RW          539    .data               int_qs100.o
    0x20000428   COMPRESSED   0x00000002   Data   RW          556    .data               app_communication.o
    0x2000042a   COMPRESSED   0x00000002   PAD
    0x2000042c   COMPRESSED   0x00000014   Data   RW          670    .data               cjson.o
    0x20000440   COMPRESSED   0x00000008   Data   RW          750    .data               ebyte_e220x.o
    0x20000448   COMPRESSED   0x00000004   Data   RW          960    .data               mc_w.l(stdout.o)
    0x2000044c   COMPRESSED   0x00000004   Data   RW          965    .data               mc_w.l(mvars.o)
    0x20000450   COMPRESSED   0x00000004   Data   RW          966    .data               mc_w.l(mvars.o)
    0x20000454        -       0x00000054   Zero   RW           24    .bss                i2c.o
    0x200004a8        -       0x00000014   Zero   RW           31    .bss                rtc.o
    0x200004bc        -       0x00000058   Zero   RW           38    .bss                spi.o
    0x20000514        -       0x000000d8   Zero   RW           48    .bss                usart.o
    0x200005ec        -       0x00000400   Zero   RW          525    .bss                int_gps.o
    0x200009ec        -       0x00000800   Zero   RW          538    .bss                int_qs100.o
    0x200011ec   COMPRESSED   0x00000004   PAD
    0x200011f0        -       0x00000438   Zero   RW          554    .bss                app_communication.o
    0x20001628        -       0x00000113   Zero   RW          748    .bss                ebyte_e220x.o
    0x2000173b   COMPRESSED   0x00000005   PAD
    0x20001740        -       0x00000400   Zero   RW            2    HEAP                startup_stm32f103xb.o
    0x20001b40        -       0x00000400   Zero   RW            1    STACK               startup_stm32f103xb.o


==============================================================================

Image component sizes


      Code (inc. data)   RO Data    RW Data    ZI Data      Debug   Object Name

      1452        380         75          2       1080          0   app_communication.o
      2736        120          0         20          0          0   cjson.o
      1100        388          0          0          0          0   ebyte_callback.o
         0          0         32          0          0          0   ebyte_core.o
      2098         92        200          8        275          0   ebyte_e220x.o
       220         28          0          0          0          0   ebyte_port.o
       236         12          0          0          0          0   gpio.o
       176         24          0          0         84          0   i2c.o
       236         30          0          3          0          0   int_ds3553.o
       284         78          0          2       1024          0   int_gps.o
        44          8          0          0          0          0   int_lora.o
         0          0          0          6       2048          0   int_qs100.o
       214          8         13       1034          0          0   main.o
       108         22          0          0         20          0   rtc.o
       200         20          0          0         88          0   spi.o
        36          8        236          0       2048          0   startup_stm32f103xb.o
       192         36          0          9          0          0   stm32f1xx_hal.o
       304         22          0          0          0          0   stm32f1xx_hal_cortex.o
       262          4          0          0          0          0   stm32f1xx_hal_dma.o
       828         34          0          0          0          0   stm32f1xx_hal_gpio.o
      3124         50          0          0          0          0   stm32f1xx_hal_i2c.o
        84          8          0          0          0          0   stm32f1xx_hal_msp.o
        12          4          0          0          0          0   stm32f1xx_hal_pwr.o
      1748         98         18          0          0          0   stm32f1xx_hal_rcc.o
       556         34         18          0          0          0   stm32f1xx_hal_rcc_ex.o
       372          4          0          0          0          0   stm32f1xx_hal_rtc.o
      1058          6          0          0          0          0   stm32f1xx_hal_spi.o
      2132          8          0          0          0          0   stm32f1xx_hal_uart.o
       146         36          0          0          0          0   stm32f1xx_it.o
         2          0         24          4          0          0   system_stm32f1xx.o
       580         60          0          0        216          0   usart.o

    ----------------------------------------------------------------------
     20564       1622        654       1096       6892          0   Object Totals
         0          0         32          0          0          0   (incl. Generated)
        24          0          6          8          9          0   (incl. Padding)

    ----------------------------------------------------------------------

      Code (inc. data)   RO Data    RW Data    ZI Data      Debug   Library Member Name

        56          8          0          0          0          0   __0sscanf.o
        58          0          0          0          0          0   __dczerorl.o
       816          6          0          0          0          0   _scanf.o
       224          0          0          0          0          0   _scanf_str.o
        64          0          0          0          0          0   _sgetc.o
        40          6         64          0          0          0   ctype_c.o
         0          0          0          0          0          0   entry.o
         0          0          0          0          0          0   entry10a.o
         0          0          0          0          0          0   entry11a.o
         4          0          0          0          0          0   entry12b.o
         8          4          0          0          0          0   entry2.o
         4          0          0          0          0          0   entry5.o
         0          0          0          0          0          0   entry7b.o
         0          0          0          0          0          0   entry8b.o
         8          4          0          0          0          0   entry9a.o
        30          0          0          0          0          0   handlers.o
        36          8          0          0          0          0   init.o
        10          0          0          0          0          0   isspace_c.o
         0          0          0          0          0          0   iusefp.o
        30          0          0          0          0          0   llshl.o
        36          0          0          0          0          0   llsshr.o
        32          0          0          0          0          0   llushr.o
       360         30          0          0          0          0   mallocr.o
        36          0          0          0          0          0   memcpya.o
        36          0          0          0          0          0   memseta.o
         0          0          0          8          0          0   mvars.o
      2268         96          0          0          0          0   printfa.o
        40          8          0          0          0          0   scanf_char.o
       878         12          0          0          0          0   scanf_fp.o
         0          0          0          4          0          0   stdout.o
        18          0          0          0          0          0   strcpy.o
        14          0          0          0          0          0   strlen.o
        22          0          0          0          0          0   strrchr.o
        44          0          0          0          0          0   uidiv.o
        98          0          0          0          0          0   uldiv.o
        48          0          0          0          0          0   cdcmple.o
        48          0          0          0          0          0   cdrcmple.o
        56          0          0          0          0          0   d2f.o
       334          0          0          0          0          0   dadd.o
       222          0          0          0          0          0   ddiv.o
       186          0          0          0          0          0   depilogue.o
        62          0          0          0          0          0   dfixi.o
        50          0          0          0          0          0   dfixui.o
        48          0          0          0          0          0   dfixul.o
        34          0          0          0          0          0   dflti.o
        26          0          0          0          0          0   dfltui.o
        24          0          0          0          0          0   dfltul.o
       228          0          0          0          0          0   dmul.o
        38          0          0          0          0          0   f2d.o
       124          0          0          0          0          0   fdiv.o
       110          0          0          0          0          0   fepilogue.o

    ----------------------------------------------------------------------
      6918        182         64         12          0          0   Library Totals
        10          0          0          0          0          0   (incl. Padding)

    ----------------------------------------------------------------------

      Code (inc. data)   RO Data    RW Data    ZI Data      Debug   Library Name

      5270        182         64         12          0          0   mc_w.l
      1638          0          0          0          0          0   mf_w.l

    ----------------------------------------------------------------------
      6918        182         64         12          0          0   Library Totals

    ----------------------------------------------------------------------

==============================================================================


      Code (inc. data)   RO Data    RW Data    ZI Data      Debug   

     27482       1804        718       1108       6892          0   Grand Totals
     27482       1804        718         56       6892          0   ELF Image Totals (compressed)
     27482       1804        718         56          0          0   ROM Totals

==============================================================================

    Total RO  Size (Code + RO Data)                28200 (  27.54kB)
    Total RW  Size (RW Data + ZI Data)              8000 (   7.81kB)
    Total ROM Size (Code + RO Data + RW Data)      28256 (  27.59kB)

==============================================================================

